
  .   ____          _            __ _ _
 /\\ / ___'_ __ _ _(_)_ __  __ _ \ \ \ \
( ( )\___ | '_ | '_| | '_ \/ _` | \ \ \ \
 \\/  ___)| |_)| | | | | || (_| |  ) ) ) )
  '  |____| .__|_| |_|_| |_\__, | / / / /
 =========|_|==============|___/=/_/_/_/

 :: Spring Boot ::                (v4.1.1)

2026-10-07T17:28:51.815-03:00  INFO 13281 --- [catalogo-service] [           main] c.p.c.s.CatalogoApplication              : Starting CatalogoApplication v0.0.1-SNAPSHOT using Java 21.0.7 with PID 13281 (/home/gabriel/Documentos/poiesis/poiesis-backend-spring/.run-local/artifacts/catalogo.jar started by gabriel in /home/gabriel/Documentos/poiesis/poiesis-backend-spring)
2026-10-07T17:28:51.861-03:00  INFO 13281 --- [catalogo-service] [           main] c.p.c.s.CatalogoApplication              : No active profile set, falling back to 1 default profile: "default"
2026-10-07T17:29:05.654-03:00  INFO 13281 --- [catalogo-service] [           main] .s.d.r.c.RepositoryConfigurationDelegate : Bootstrapping Spring Data JPA repositories in DEFAULT mode.
2026-10-07T17:29:06.539-03:00  INFO 13281 --- [catalogo-service] [           main] .s.d.r.c.RepositoryConfigurationDelegate : Finished Spring Data repository scanning in 764 ms. Found 1 JPA repository interface.
2026-10-07T17:29:16.648-03:00  INFO 13281 --- [catalogo-service] [           main] o.s.boot.tomcat.TomcatWebServer          : Tomcat initialized with port 8082 (http)
2026-10-07T17:29:16.872-03:00  INFO 13281 --- [catalogo-service] [           main] o.apache.catalina.core.StandardService   : Starting service [Tomcat]
2026-10-07T17:29:16.873-03:00  INFO 13281 --- [catalogo-service] [           main] o.apache.catalina.core.StandardEngine    : Starting Servlet engine: [Apache Tomcat/11.0.24]
2026-10-07T17:29:17.261-03:00  INFO 13281 --- [catalogo-service] [           main] b.w.c.s.WebApplicationContextInitializer : Root WebApplicationContext: initialization completed in 24498 ms
2026-10-07T17:29:20.412-03:00  INFO 13281 --- [catalogo-service] [           main] org.hibernate.orm.jpa                    : HHH008540: Processing PersistenceUnitInfo [name: default]
2026-10-07T17:29:21.538-03:00  INFO 13281 --- [catalogo-service] [           main] org.hibernate.orm.core                   : HHH000001: Hibernate ORM core version 7.4.5.Final
2026-10-07T17:29:29.656-03:00  INFO 13281 --- [catalogo-service] [           main] o.s.o.j.p.SpringPersistenceUnitInfo      : No LoadTimeWeaver setup: ignoring JPA class transformer
2026-10-07T17:29:30.212-03:00  INFO 13281 --- [catalogo-service] [           main] com.zaxxer.hikari.HikariDataSource       : HikariPool-1 - Starting...
2026-10-07T17:29:33.170-03:00  INFO 13281 --- [catalogo-service] [           main] com.zaxxer.hikari.pool.HikariPool        : HikariPool-1 - Added connection conn0: url=jdbc:h2:mem:catalogo user=SA
2026-10-07T17:29:33.183-03:00  INFO 13281 --- [catalogo-service] [           main] com.zaxxer.hikari.HikariDataSource       : HikariPool-1 - Start completed.
2026-10-07T17:29:33.751-03:00  INFO 13281 --- [catalogo-service] [           main] org.hibernate.orm.connections.pooling    : HHH10001005: Database info:
	Database JDBC URL [jdbc:h2:mem:catalogo]
	Database driver: H2 JDBC Driver
	Database dialect: H2Dialect
	Database version: 2.4.240
	Default catalog/schema: CATALOGO/PUBLIC
	Autocommit mode: undefined/unknown
	Isolation level: READ_COMMITTED [default READ_COMMITTED]
	JDBC fetch size: 100
	Pool: DataSourceConnectionProvider
	Minimum pool size: undefined/unknown
	Maximum pool size: undefined/unknown
2026-10-07T17:29:41.251-03:00  INFO 13281 --- [catalogo-service] [           main] org.hibernate.orm.core                   : HHH000489: No JTA platform available (set 'hibernate.transaction.jta.platform' to enable JTA platform integration)
Hibernate: create table tb_produtos (id bigint generated by default as identity, ativo boolean, categoria enum ('ACESSORIO','CALCA','CAMISA','CAMISETA','MOLETOM'), descricao varchar(255), nome varchar(255), preco_base numeric(38,2), version bigint not null, primary key (id))
2026-10-07T17:29:41.716-03:00  INFO 13281 --- [catalogo-service] [           main] j.LocalContainerEntityManagerFactoryBean : Initialized JPA EntityManagerFactory for persistence unit 'default'
2026-10-07T17:29:42.382-03:00  INFO 13281 --- [catalogo-service] [           main] o.s.d.j.r.query.QueryEnhancerFactories   : Hibernate is in classpath; If applicable, HQL parser will be used.
2026-10-07T17:29:44.833-03:00  WARN 13281 --- [catalogo-service] [           main] JpaBaseConfiguration$JpaWebConfiguration : spring.jpa.open-in-view is enabled by default. Therefore, database queries may be performed during view rendering. Explicitly configure spring.jpa.open-in-view to disable this warning
2026-10-07T17:29:51.681-03:00  INFO 13281 --- [catalogo-service] [           main] o.s.boot.tomcat.TomcatWebServer          : Tomcat started on port 8082 (http) with context path '/'
2026-10-07T17:29:51.781-03:00  INFO 13281 --- [catalogo-service] [           main] c.p.c.s.CatalogoApplication              : Started CatalogoApplication in 66.853 seconds (process running for 74.401)
2026-10-07T17:30:05.930-03:00  INFO 13281 --- [catalogo-service] [nio-8082-exec-2] o.a.c.c.C.[Tomcat].[localhost].[/]       : Initializing Spring DispatcherServlet 'dispatcherServlet'
2026-10-07T17:30:05.931-03:00  INFO 13281 --- [catalogo-service] [nio-8082-exec-2] o.s.web.servlet.DispatcherServlet        : Initializing Servlet 'dispatcherServlet'
2026-10-07T17:30:05.952-03:00  INFO 13281 --- [catalogo-service] [nio-8082-exec-2] o.s.web.servlet.DispatcherServlet        : Completed initialization in 21 ms
Hibernate: insert into tb_produtos (ativo,categoria,descricao,nome,preco_base,version,id) values (?,?,?,?,?,?,default)
Hibernate: select pe1_0.id,pe1_0.ativo,pe1_0.categoria,pe1_0.descricao,pe1_0.nome,pe1_0.preco_base,pe1_0.version from tb_produtos pe1_0 where pe1_0.id=?
Hibernate: update tb_produtos set ativo=?,categoria=?,descricao=?,nome=?,preco_base=?,version=? where id=? and version=?
Hibernate: select pe1_0.id,pe1_0.ativo,pe1_0.categoria,pe1_0.descricao,pe1_0.nome,pe1_0.preco_base,pe1_0.version from tb_produtos pe1_0 where pe1_0.ativo=true
Hibernate: select pe1_0.id,pe1_0.ativo,pe1_0.categoria,pe1_0.descricao,pe1_0.nome,pe1_0.preco_base,pe1_0.version from tb_produtos pe1_0 where pe1_0.id=?
Hibernate: select pe1_0.id,pe1_0.ativo,pe1_0.categoria,pe1_0.descricao,pe1_0.nome,pe1_0.preco_base,pe1_0.version from tb_produtos pe1_0 where pe1_0.id=?
Hibernate: select pe1_0.id,pe1_0.ativo,pe1_0.categoria,pe1_0.descricao,pe1_0.nome,pe1_0.preco_base,pe1_0.version from tb_produtos pe1_0 where pe1_0.id=?
Hibernate: select pe1_0.id,pe1_0.ativo,pe1_0.categoria,pe1_0.descricao,pe1_0.nome,pe1_0.preco_base,pe1_0.version from tb_produtos pe1_0 where pe1_0.ativo=true
Hibernate: select pe1_0.id,pe1_0.ativo,pe1_0.categoria,pe1_0.descricao,pe1_0.nome,pe1_0.preco_base,pe1_0.version from tb_produtos pe1_0 where pe1_0.id=?
Hibernate: select pe1_0.id,pe1_0.ativo,pe1_0.categoria,pe1_0.descricao,pe1_0.nome,pe1_0.preco_base,pe1_0.version from tb_produtos pe1_0 where pe1_0.id=?
Hibernate: select pe1_0.id,pe1_0.ativo,pe1_0.categoria,pe1_0.descricao,pe1_0.nome,pe1_0.preco_base,pe1_0.version from tb_produtos pe1_0 where pe1_0.id=?
Hibernate: select pe1_0.id,pe1_0.ativo,pe1_0.categoria,pe1_0.descricao,pe1_0.nome,pe1_0.preco_base,pe1_0.version from tb_produtos pe1_0 where pe1_0.id=?
Hibernate: select pe1_0.id,pe1_0.ativo,pe1_0.categoria,pe1_0.descricao,pe1_0.nome,pe1_0.preco_base,pe1_0.version from tb_produtos pe1_0 where pe1_0.id=?
Hibernate: update tb_produtos set ativo=?,categoria=?,descricao=?,nome=?,preco_base=?,version=? where id=? and version=?
Hibernate: select pe1_0.id,pe1_0.ativo,pe1_0.categoria,pe1_0.descricao,pe1_0.nome,pe1_0.preco_base,pe1_0.version from tb_produtos pe1_0 where pe1_0.ativo=true
Hibernate: select pe1_0.id,pe1_0.ativo,pe1_0.categoria,pe1_0.descricao,pe1_0.nome,pe1_0.preco_base,pe1_0.version from tb_produtos pe1_0 where pe1_0.ativo=true
Hibernate: select pe1_0.id,pe1_0.ativo,pe1_0.categoria,pe1_0.descricao,pe1_0.nome,pe1_0.preco_base,pe1_0.version from tb_produtos pe1_0 where pe1_0.ativo=true
Hibernate: select pe1_0.id,pe1_0.ativo,pe1_0.categoria,pe1_0.descricao,pe1_0.nome,pe1_0.preco_base,pe1_0.version from tb_produtos pe1_0 where pe1_0.ativo=true
Hibernate: select pe1_0.id,pe1_0.ativo,pe1_0.categoria,pe1_0.descricao,pe1_0.nome,pe1_0.preco_base,pe1_0.version from tb_produtos pe1_0 where pe1_0.ativo=true
Hibernate: select pe1_0.id,pe1_0.ativo,pe1_0.categoria,pe1_0.descricao,pe1_0.nome,pe1_0.preco_base,pe1_0.version from tb_produtos pe1_0 where pe1_0.ativo=true
Hibernate: select pe1_0.id,pe1_0.ativo,pe1_0.categoria,pe1_0.descricao,pe1_0.nome,pe1_0.preco_base,pe1_0.version from tb_produtos pe1_0 where pe1_0.ativo=true
Hibernate: select pe1_0.id,pe1_0.ativo,pe1_0.categoria,pe1_0.descricao,pe1_0.nome,pe1_0.preco_base,pe1_0.version from tb_produtos pe1_0 where pe1_0.ativo=true
Hibernate: insert into tb_produtos (ativo,categoria,descricao,nome,preco_base,version,id) values (?,?,?,?,?,?,default)
Hibernate: select pe1_0.id,pe1_0.ativo,pe1_0.categoria,pe1_0.descricao,pe1_0.nome,pe1_0.preco_base,pe1_0.version from tb_produtos pe1_0 where pe1_0.ativo=true
Hibernate: select pe1_0.id,pe1_0.ativo,pe1_0.categoria,pe1_0.descricao,pe1_0.nome,pe1_0.preco_base,pe1_0.version from tb_produtos pe1_0 where pe1_0.ativo=true
Hibernate: select pe1_0.id,pe1_0.ativo,pe1_0.categoria,pe1_0.descricao,pe1_0.nome,pe1_0.preco_base,pe1_0.version from tb_produtos pe1_0 where pe1_0.ativo=true
Hibernate: select pe1_0.id,pe1_0.ativo,pe1_0.categoria,pe1_0.descricao,pe1_0.nome,pe1_0.preco_base,pe1_0.version from tb_produtos pe1_0 where pe1_0.ativo=true
Hibernate: select pe1_0.id,pe1_0.ativo,pe1_0.categoria,pe1_0.descricao,pe1_0.nome,pe1_0.preco_base,pe1_0.version from tb_produtos pe1_0 where pe1_0.ativo=true
Hibernate: select pe1_0.id,pe1_0.ativo,pe1_0.categoria,pe1_0.descricao,pe1_0.nome,pe1_0.preco_base,pe1_0.version from tb_produtos pe1_0 where pe1_0.ativo=true
Hibernate: select pe1_0.id,pe1_0.ativo,pe1_0.categoria,pe1_0.descricao,pe1_0.nome,pe1_0.preco_base,pe1_0.version from tb_produtos pe1_0 where pe1_0.id=?
Hibernate: select pe1_0.id,pe1_0.ativo,pe1_0.categoria,pe1_0.descricao,pe1_0.nome,pe1_0.preco_base,pe1_0.version from tb_produtos pe1_0 where pe1_0.ativo=true
Hibernate: select pe1_0.id,pe1_0.ativo,pe1_0.categoria,pe1_0.descricao,pe1_0.nome,pe1_0.preco_base,pe1_0.version from tb_produtos pe1_0 where pe1_0.ativo=true
Hibernate: select pe1_0.id,pe1_0.ativo,pe1_0.categoria,pe1_0.descricao,pe1_0.nome,pe1_0.preco_base,pe1_0.version from tb_produtos pe1_0 where pe1_0.ativo=true
Hibernate: select pe1_0.id,pe1_0.ativo,pe1_0.categoria,pe1_0.descricao,pe1_0.nome,pe1_0.preco_base,pe1_0.version from tb_produtos pe1_0 where pe1_0.ativo=true
Hibernate: select pe1_0.id,pe1_0.ativo,pe1_0.categoria,pe1_0.descricao,pe1_0.nome,pe1_0.preco_base,pe1_0.version from tb_produtos pe1_0 where pe1_0.id=?
Hibernate: select pe1_0.id,pe1_0.ativo,pe1_0.categoria,pe1_0.descricao,pe1_0.nome,pe1_0.preco_base,pe1_0.version from tb_produtos pe1_0 where pe1_0.ativo=true
Hibernate: select pe1_0.id,pe1_0.ativo,pe1_0.categoria,pe1_0.descricao,pe1_0.nome,pe1_0.preco_base,pe1_0.version from tb_produtos pe1_0 where pe1_0.ativo=true
Hibernate: select pe1_0.id,pe1_0.ativo,pe1_0.categoria,pe1_0.descricao,pe1_0.nome,pe1_0.preco_base,pe1_0.version from tb_produtos pe1_0 where pe1_0.ativo=true
Hibernate: select pe1_0.id,pe1_0.ativo,pe1_0.categoria,pe1_0.descricao,pe1_0.nome,pe1_0.preco_base,pe1_0.version from tb_produtos pe1_0 where pe1_0.ativo=true
Hibernate: select pe1_0.id,pe1_0.ativo,pe1_0.categoria,pe1_0.descricao,pe1_0.nome,pe1_0.preco_base,pe1_0.version from tb_produtos pe1_0 where pe1_0.ativo=true
Hibernate: select pe1_0.id,pe1_0.ativo,pe1_0.categoria,pe1_0.descricao,pe1_0.nome,pe1_0.preco_base,pe1_0.version from tb_produtos pe1_0 where pe1_0.ativo=true
Hibernate: select pe1_0.id,pe1_0.ativo,pe1_0.categoria,pe1_0.descricao,pe1_0.nome,pe1_0.preco_base,pe1_0.version from tb_produtos pe1_0 where pe1_0.ativo=true
Hibernate: select pe1_0.id,pe1_0.ativo,pe1_0.categoria,pe1_0.descricao,pe1_0.nome,pe1_0.preco_base,pe1_0.version from tb_produtos pe1_0 where pe1_0.id=?
Hibernate: select pe1_0.id,pe1_0.ativo,pe1_0.categoria,pe1_0.descricao,pe1_0.nome,pe1_0.preco_base,pe1_0.version from tb_produtos pe1_0 where pe1_0.ativo=true
Hibernate: select pe1_0.id,pe1_0.ativo,pe1_0.categoria,pe1_0.descricao,pe1_0.nome,pe1_0.preco_base,pe1_0.version from tb_produtos pe1_0 where pe1_0.id=?
Hibernate: select pe1_0.id,pe1_0.ativo,pe1_0.categoria,pe1_0.descricao,pe1_0.nome,pe1_0.preco_base,pe1_0.version from tb_produtos pe1_0 where pe1_0.id=?
Hibernate: select pe1_0.id,pe1_0.ativo,pe1_0.categoria,pe1_0.descricao,pe1_0.nome,pe1_0.preco_base,pe1_0.version from tb_produtos pe1_0 where pe1_0.ativo=true
Hibernate: select pe1_0.id,pe1_0.ativo,pe1_0.categoria,pe1_0.descricao,pe1_0.nome,pe1_0.preco_base,pe1_0.version from tb_produtos pe1_0 where pe1_0.ativo=true
