
  .   ____          _            __ _ _
 /\\ / ___'_ __ _ _(_)_ __  __ _ \ \ \ \
( ( )\___ | '_ | '_| | '_ \/ _` | \ \ \ \
 \\/  ___)| |_)| | | | | || (_| |  ) ) ) )
  '  |____| .__|_| |_|_| |_\__, | / / / /
 =========|_|==============|___/=/_/_/_/

 :: Spring Boot ::                (v4.1.1)

2026-10-07T09:03:27.950-03:00  INFO 8819 --- [customizacao-service] [           main] c.p.c.SpringframeworkApplication         : Starting SpringframeworkApplication using Java 21.0.7 with PID 8819 (/home/gabriel/Downloads/Backend/poiesis-backend-spring/customizacao/springframework/target/springframework-0.0.1-SNAPSHOT.jar started by gabriel in /home/gabriel/Downloads/Backend/poiesis-backend-spring)
2026-10-07T09:03:27.959-03:00  INFO 8819 --- [customizacao-service] [           main] c.p.c.SpringframeworkApplication         : No active profile set, falling back to 1 default profile: "default"
2026-10-07T09:03:29.654-03:00  INFO 8819 --- [customizacao-service] [           main] .s.d.r.c.RepositoryConfigurationDelegate : Bootstrapping Spring Data JPA repositories in DEFAULT mode.
2026-10-07T09:03:29.737-03:00  INFO 8819 --- [customizacao-service] [           main] .s.d.r.c.RepositoryConfigurationDelegate : Finished Spring Data repository scanning in 67 ms. Found 1 JPA repository interface.
2026-10-07T09:03:30.194-03:00  INFO 8819 --- [customizacao-service] [           main] o.s.cloud.context.scope.GenericScope     : BeanFactory id=83c034da-5707-3ec9-a72d-6aa64c241bb0
2026-10-07T09:03:31.056-03:00  INFO 8819 --- [customizacao-service] [           main] o.s.boot.tomcat.TomcatWebServer          : Tomcat initialized with port 8086 (http)
2026-10-07T09:03:31.084-03:00  INFO 8819 --- [customizacao-service] [           main] o.apache.catalina.core.StandardService   : Starting service [Tomcat]
2026-10-07T09:03:31.084-03:00  INFO 8819 --- [customizacao-service] [           main] o.apache.catalina.core.StandardEngine    : Starting Servlet engine: [Apache Tomcat/11.0.24]
2026-10-07T09:03:31.132-03:00  INFO 8819 --- [customizacao-service] [           main] b.w.c.s.WebApplicationContextInitializer : Root WebApplicationContext: initialization completed in 3037 ms
2026-10-07T09:03:31.552-03:00  INFO 8819 --- [customizacao-service] [           main] org.hibernate.orm.jpa                    : HHH008540: Processing PersistenceUnitInfo [name: default]
2026-10-07T09:03:31.643-03:00  INFO 8819 --- [customizacao-service] [           main] org.hibernate.orm.core                   : HHH000001: Hibernate ORM core version 7.4.5.Final
2026-10-07T09:03:32.455-03:00  INFO 8819 --- [customizacao-service] [           main] o.s.o.j.p.SpringPersistenceUnitInfo      : No LoadTimeWeaver setup: ignoring JPA class transformer
2026-10-07T09:03:32.512-03:00  INFO 8819 --- [customizacao-service] [           main] com.zaxxer.hikari.HikariDataSource       : HikariPool-1 - Starting...
2026-10-07T09:03:32.869-03:00  INFO 8819 --- [customizacao-service] [           main] com.zaxxer.hikari.pool.HikariPool        : HikariPool-1 - Added connection conn0: url=jdbc:h2:mem:customizacao user=SA
2026-10-07T09:03:32.872-03:00  INFO 8819 --- [customizacao-service] [           main] com.zaxxer.hikari.HikariDataSource       : HikariPool-1 - Start completed.
2026-10-07T09:03:32.972-03:00  INFO 8819 --- [customizacao-service] [           main] org.hibernate.orm.connections.pooling    : HHH10001005: Database info:
	Database JDBC URL [jdbc:h2:mem:customizacao]
	Database driver: H2 JDBC Driver
	Database dialect: H2Dialect
	Database version: 2.4.240
	Default catalog/schema: CUSTOMIZACAO/PUBLIC
	Autocommit mode: undefined/unknown
	Isolation level: READ_COMMITTED [default READ_COMMITTED]
	JDBC fetch size: 100
	Pool: DataSourceConnectionProvider
	Minimum pool size: undefined/unknown
	Maximum pool size: undefined/unknown
2026-10-07T09:03:34.493-03:00  INFO 8819 --- [customizacao-service] [           main] org.hibernate.orm.core                   : HHH000489: No JTA platform available (set 'hibernate.transaction.jta.platform' to enable JTA platform integration)
Hibernate: create table tb_customizacoes (id bigint generated by default as identity, ativo boolean not null, nome varchar(160) not null, preco_adicional numeric(10,2) not null, produto_id bigint not null, tipo varchar(80) not null, version bigint not null, primary key (id))
2026-10-07T09:03:34.590-03:00  INFO 8819 --- [customizacao-service] [           main] j.LocalContainerEntityManagerFactoryBean : Initialized JPA EntityManagerFactory for persistence unit 'default'
2026-10-07T09:03:34.747-03:00  INFO 8819 --- [customizacao-service] [           main] o.s.d.j.r.query.QueryEnhancerFactories   : Hibernate is in classpath; If applicable, HQL parser will be used.
2026-10-07T09:03:36.810-03:00  INFO 8819 --- [customizacao-service] [           main] o.s.boot.tomcat.TomcatWebServer          : Tomcat started on port 8086 (http) with context path '/'
2026-10-07T09:03:36.877-03:00  INFO 8819 --- [customizacao-service] [           main] c.p.c.SpringframeworkApplication         : Started SpringframeworkApplication in 9.861 seconds (process running for 11.074)
2026-10-07T09:22:19.389-03:00  INFO 8819 --- [customizacao-service] [nio-8086-exec-2] o.a.c.c.C.[Tomcat].[localhost].[/]       : Initializing Spring DispatcherServlet 'dispatcherServlet'
2026-10-07T09:22:19.406-03:00  INFO 8819 --- [customizacao-service] [nio-8086-exec-2] o.s.web.servlet.DispatcherServlet        : Initializing Servlet 'dispatcherServlet'
2026-10-07T09:22:19.413-03:00  INFO 8819 --- [customizacao-service] [nio-8086-exec-2] o.s.web.servlet.DispatcherServlet        : Completed initialization in 6 ms
Hibernate: insert into tb_customizacoes (ativo,nome,preco_adicional,produto_id,tipo,version,id) values (?,?,?,?,?,?,default)
Hibernate: select ce1_0.id,ce1_0.ativo,ce1_0.nome,ce1_0.preco_adicional,ce1_0.produto_id,ce1_0.tipo,ce1_0.version from tb_customizacoes ce1_0 where ce1_0.produto_id=? and ce1_0.ativo=true
Hibernate: select ce1_0.id,ce1_0.ativo,ce1_0.nome,ce1_0.preco_adicional,ce1_0.produto_id,ce1_0.tipo,ce1_0.version from tb_customizacoes ce1_0 where ce1_0.id=?
Hibernate: update tb_customizacoes set ativo=?,nome=?,preco_adicional=?,produto_id=?,tipo=?,version=? where id=? and version=?
Hibernate: insert into tb_customizacoes (ativo,nome,preco_adicional,produto_id,tipo,version,id) values (?,?,?,?,?,?,default)
