
  .   ____          _            __ _ _
 /\\ / ___'_ __ _ _(_)_ __  __ _ \ \ \ \
( ( )\___ | '_ | '_| | '_ \/ _` | \ \ \ \
 \\/  ___)| |_)| | | | | || (_| |  ) ) ) )
  '  |____| .__|_| |_|_| |_\__, | / / / /
 =========|_|==============|___/=/_/_/_/

 :: Spring Boot ::                (v4.1.1)

2026-10-07T17:28:54.286-03:00  INFO 13299 --- [api-gateway] [           main] com.poiesis.gateway.GatewayApplication   : Starting GatewayApplication v0.0.1-SNAPSHOT using Java 21.0.7 with PID 13299 (/home/gabriel/Documentos/poiesis/poiesis-backend-spring/.run-local/artifacts/gateway.jar started by gabriel in /home/gabriel/Documentos/poiesis/poiesis-backend-spring)
2026-10-07T17:28:54.369-03:00  INFO 13299 --- [api-gateway] [           main] com.poiesis.gateway.GatewayApplication   : No active profile set, falling back to 1 default profile: "default"
2026-10-07T17:29:10.316-03:00  INFO 13299 --- [api-gateway] [           main] o.s.cloud.context.scope.GenericScope     : BeanFactory id=2cb1f36a-235a-3143-af2d-f709918ce692
2026-10-07T17:29:15.021-03:00  INFO 13299 --- [api-gateway] [           main] o.s.boot.tomcat.TomcatWebServer          : Tomcat initialized with port 8080 (http)
2026-10-07T17:29:15.215-03:00  INFO 13299 --- [api-gateway] [           main] o.apache.catalina.core.StandardService   : Starting service [Tomcat]
2026-10-07T17:29:15.230-03:00  INFO 13299 --- [api-gateway] [           main] o.apache.catalina.core.StandardEngine    : Starting Servlet engine: [Apache Tomcat/11.0.24]
2026-10-07T17:29:15.615-03:00  INFO 13299 --- [api-gateway] [           main] b.w.c.s.WebApplicationContextInitializer : Root WebApplicationContext: initialization completed in 19973 ms
2026-10-07T17:29:31.992-03:00  WARN 13299 --- [api-gateway] [           main] iguration$LoadBalancerCaffeineWarnLogger : Spring Cloud LoadBalancer is currently working with the default cache. While this cache implementation is useful for development and tests, it's recommended to use Caffeine cache in production.You can switch to using Caffeine cache, by adding it and org.springframework.cache.caffeine.CaffeineCacheManager to the classpath.
2026-10-07T17:29:32.486-03:00  INFO 13299 --- [api-gateway] [           main] o.s.boot.tomcat.TomcatWebServer          : Tomcat started on port 8080 (http) with context path '/'
2026-10-07T17:29:32.721-03:00  INFO 13299 --- [api-gateway] [           main] com.poiesis.gateway.GatewayApplication   : Started GatewayApplication in 46.764 seconds (process running for 55.317)
2026-10-07T17:29:54.684-03:00  INFO 13299 --- [api-gateway] [nio-8080-exec-2] o.a.c.c.C.[Tomcat].[localhost].[/]       : Initializing Spring DispatcherServlet 'dispatcherServlet'
2026-10-07T17:29:54.685-03:00  INFO 13299 --- [api-gateway] [nio-8080-exec-2] o.s.web.servlet.DispatcherServlet        : Initializing Servlet 'dispatcherServlet'
2026-10-07T17:29:54.705-03:00  INFO 13299 --- [api-gateway] [nio-8080-exec-2] o.s.web.servlet.DispatcherServlet        : Completed initialization in 19 ms
