
  .   ____          _            __ _ _
 /\\ / ___'_ __ _ _(_)_ __  __ _ \ \ \ \
( ( )\___ | '_ | '_| | '_ \/ _` | \ \ \ \
 \\/  ___)| |_)| | | | | || (_| |  ) ) ) )
  '  |____| .__|_| |_|_| |_\__, | / / / /
 =========|_|==============|___/=/_/_/_/

 :: Spring Boot ::                (v4.1.1)

2026-10-07T17:28:51.036-03:00  INFO 13280 --- [login-service] [           main] c.p.l.s.SpringframeworkApplication       : Starting SpringframeworkApplication v0.0.1-SNAPSHOT using Java 21.0.7 with PID 13280 (/home/gabriel/Documentos/poiesis/poiesis-backend-spring/.run-local/artifacts/login.jar started by gabriel in /home/gabriel/Documentos/poiesis/poiesis-backend-spring)
2026-10-07T17:28:51.123-03:00  INFO 13280 --- [login-service] [           main] c.p.l.s.SpringframeworkApplication       : No active profile set, falling back to 1 default profile: "default"
2026-10-07T17:29:05.113-03:00  INFO 13280 --- [login-service] [           main] .s.d.r.c.RepositoryConfigurationDelegate : Bootstrapping Spring Data JPA repositories in DEFAULT mode.
2026-10-07T17:29:06.041-03:00  INFO 13280 --- [login-service] [           main] .s.d.r.c.RepositoryConfigurationDelegate : Finished Spring Data repository scanning in 783 ms. Found 2 JPA repository interfaces.
2026-10-07T17:29:16.163-03:00  INFO 13280 --- [login-service] [           main] o.s.boot.tomcat.TomcatWebServer          : Tomcat initialized with port 8081 (http)
2026-10-07T17:29:16.344-03:00  INFO 13280 --- [login-service] [           main] o.apache.catalina.core.StandardService   : Starting service [Tomcat]
2026-10-07T17:29:16.345-03:00  INFO 13280 --- [login-service] [           main] o.apache.catalina.core.StandardEngine    : Starting Servlet engine: [Apache Tomcat/11.0.24]
2026-10-07T17:29:16.611-03:00  INFO 13280 --- [login-service] [           main] b.w.c.s.WebApplicationContextInitializer : Root WebApplicationContext: initialization completed in 24276 ms
2026-10-07T17:29:18.925-03:00  INFO 13280 --- [login-service] [           main] org.hibernate.orm.jpa                    : HHH008540: Processing PersistenceUnitInfo [name: default]
2026-10-07T17:29:19.792-03:00  INFO 13280 --- [login-service] [           main] org.hibernate.orm.core                   : HHH000001: Hibernate ORM core version 7.4.5.Final
2026-10-07T17:29:26.595-03:00  INFO 13280 --- [login-service] [           main] o.s.o.j.p.SpringPersistenceUnitInfo      : No LoadTimeWeaver setup: ignoring JPA class transformer
2026-10-07T17:29:27.130-03:00  INFO 13280 --- [login-service] [           main] com.zaxxer.hikari.HikariDataSource       : HikariPool-1 - Starting...
2026-10-07T17:29:30.543-03:00  INFO 13280 --- [login-service] [           main] com.zaxxer.hikari.pool.HikariPool        : HikariPool-1 - Added connection conn0: url=jdbc:h2:file:/home/gabriel/Documentos/poiesis/poiesis-backend-spring/.run-local/auth user=SA
2026-10-07T17:29:30.548-03:00  INFO 13280 --- [login-service] [           main] com.zaxxer.hikari.HikariDataSource       : HikariPool-1 - Start completed.
2026-10-07T17:29:31.401-03:00  INFO 13280 --- [login-service] [           main] org.hibernate.orm.connections.pooling    : HHH10001005: Database info:
	Database JDBC URL [jdbc:h2:file:/home/gabriel/Documentos/poiesis/poiesis-backend-spring/.run-local/auth]
	Database driver: H2 JDBC Driver
	Database dialect: H2Dialect
	Database version: 2.4.240
	Default catalog/schema: AUTH/PUBLIC
	Autocommit mode: undefined/unknown
	Isolation level: READ_COMMITTED [default READ_COMMITTED]
	JDBC fetch size: 100
	Pool: DataSourceConnectionProvider
	Minimum pool size: undefined/unknown
	Maximum pool size: undefined/unknown
2026-10-07T17:29:41.650-03:00  INFO 13280 --- [login-service] [           main] org.hibernate.orm.core                   : HHH000489: No JTA platform available (set 'hibernate.transaction.jta.platform' to enable JTA platform integration)
Hibernate: alter table if exists tb_usuario_roles drop constraint if exists UKmod1sc5acc10ogwdau00dh7uc
Hibernate: alter table if exists tb_usuario_roles add constraint UKmod1sc5acc10ogwdau00dh7uc unique (usuario_id, role_name)
2026-10-07T17:29:42.267-03:00  INFO 13280 --- [login-service] [           main] j.LocalContainerEntityManagerFactoryBean : Initialized JPA EntityManagerFactory for persistence unit 'default'
2026-10-07T17:29:43.093-03:00  INFO 13280 --- [login-service] [           main] o.s.d.j.r.query.QueryEnhancerFactories   : Hibernate is in classpath; If applicable, HQL parser will be used.
2026-10-07T17:29:44.393-03:00  INFO 13280 --- [login-service] [           main] r$InitializeUserDetailsManagerConfigurer : Global AuthenticationManager configured with UserDetailsService bean with name userDetailsServiceImpl
2026-10-07T17:29:44.901-03:00  WARN 13280 --- [login-service] [           main] JpaBaseConfiguration$JpaWebConfiguration : spring.jpa.open-in-view is enabled by default. Therefore, database queries may be performed during view rendering. Explicitly configure spring.jpa.open-in-view to disable this warning
2026-10-07T17:29:51.530-03:00  INFO 13280 --- [login-service] [           main] o.s.boot.tomcat.TomcatWebServer          : Tomcat started on port 8081 (http) with context path '/'
2026-10-07T17:29:51.711-03:00  INFO 13280 --- [login-service] [           main] c.p.l.s.SpringframeworkApplication       : Started SpringframeworkApplication in 66.739 seconds (process running for 74.334)
2026-10-07T17:29:56.400-03:00  INFO 13280 --- [login-service] [nio-8081-exec-2] o.a.c.c.C.[Tomcat].[localhost].[/]       : Initializing Spring DispatcherServlet 'dispatcherServlet'
2026-10-07T17:29:56.401-03:00  INFO 13280 --- [login-service] [nio-8081-exec-2] o.s.web.servlet.DispatcherServlet        : Initializing Servlet 'dispatcherServlet'
2026-10-07T17:29:56.404-03:00  INFO 13280 --- [login-service] [nio-8081-exec-2] o.s.web.servlet.DispatcherServlet        : Completed initialization in 3 ms
Hibernate: select ue1_0.id from tb_usuarios ue1_0 where ue1_0.email=? fetch first ? rows only
Hibernate: select ue1_0.id from tb_usuarios ue1_0 where ue1_0.email=? fetch first ? rows only
Hibernate: insert into tb_usuarios (ativo,email,nome,senha,version,id) values (?,?,?,?,?,default)
Hibernate: insert into tb_usuario_roles (usuario_id,role_name) values (?,?)
Hibernate: select ue1_0.id,ue1_0.ativo,ue1_0.email,ue1_0.nome,ue1_0.senha,ue1_0.version from tb_usuarios ue1_0 where ue1_0.email=?
Hibernate: select r1_0.usuario_id,r1_0.role_name from tb_usuario_roles r1_0 where r1_0.usuario_id=?
Hibernate: select ue1_0.id from tb_usuarios ue1_0 where ue1_0.email=? fetch first ? rows only
Hibernate: insert into tb_usuarios (ativo,email,nome,senha,version,id) values (?,?,?,?,?,default)
Hibernate: insert into tb_usuario_roles (usuario_id,role_name) values (?,?)
Hibernate: select ue1_0.id,ue1_0.ativo,ue1_0.email,ue1_0.nome,ue1_0.senha,ue1_0.version from tb_usuarios ue1_0 where ue1_0.email=?
Hibernate: select r1_0.usuario_id,r1_0.role_name from tb_usuario_roles r1_0 where r1_0.usuario_id=?
Hibernate: select count(*) from tb_revoked_tokens rte1_0 where rte1_0.token_hash=?
Hibernate: select ue1_0.id,ue1_0.ativo,ue1_0.email,ue1_0.nome,ue1_0.senha,ue1_0.version from tb_usuarios ue1_0 where ue1_0.email=?
Hibernate: select r1_0.usuario_id,r1_0.role_name from tb_usuario_roles r1_0 where r1_0.usuario_id=?
Hibernate: select count(*) from tb_revoked_tokens rte1_0 where rte1_0.token_hash=?
Hibernate: select ue1_0.id,ue1_0.ativo,ue1_0.email,ue1_0.nome,ue1_0.senha,ue1_0.version from tb_usuarios ue1_0 where ue1_0.email=?
Hibernate: select r1_0.usuario_id,r1_0.role_name from tb_usuario_roles r1_0 where r1_0.usuario_id=?
Hibernate: select count(*) from tb_revoked_tokens rte1_0 where rte1_0.token_hash=?
Hibernate: select ue1_0.id,ue1_0.ativo,ue1_0.email,ue1_0.nome,ue1_0.senha,ue1_0.version from tb_usuarios ue1_0 where ue1_0.email=?
Hibernate: select r1_0.usuario_id,r1_0.role_name from tb_usuario_roles r1_0 where r1_0.usuario_id=?
Hibernate: select count(*) from tb_revoked_tokens rte1_0 where rte1_0.token_hash=?
Hibernate: select ue1_0.id,ue1_0.ativo,ue1_0.email,ue1_0.nome,ue1_0.senha,ue1_0.version from tb_usuarios ue1_0 where ue1_0.email=?
Hibernate: select r1_0.usuario_id,r1_0.role_name from tb_usuario_roles r1_0 where r1_0.usuario_id=?
Hibernate: select count(*) from tb_revoked_tokens rte1_0 where rte1_0.token_hash=?
Hibernate: select ue1_0.id,ue1_0.ativo,ue1_0.email,ue1_0.nome,ue1_0.senha,ue1_0.version from tb_usuarios ue1_0 where ue1_0.email=?
Hibernate: select r1_0.usuario_id,r1_0.role_name from tb_usuario_roles r1_0 where r1_0.usuario_id=?
Hibernate: select count(*) from tb_revoked_tokens rte1_0 where rte1_0.token_hash=?
Hibernate: select ue1_0.id,ue1_0.ativo,ue1_0.email,ue1_0.nome,ue1_0.senha,ue1_0.version from tb_usuarios ue1_0 where ue1_0.email=?
Hibernate: select r1_0.usuario_id,r1_0.role_name from tb_usuario_roles r1_0 where r1_0.usuario_id=?
Hibernate: select count(*) from tb_revoked_tokens rte1_0 where rte1_0.token_hash=?
Hibernate: select ue1_0.id,ue1_0.ativo,ue1_0.email,ue1_0.nome,ue1_0.senha,ue1_0.version from tb_usuarios ue1_0 where ue1_0.email=?
Hibernate: select r1_0.usuario_id,r1_0.role_name from tb_usuario_roles r1_0 where r1_0.usuario_id=?
Hibernate: select count(*) from tb_revoked_tokens rte1_0 where rte1_0.token_hash=?
Hibernate: select ue1_0.id,ue1_0.ativo,ue1_0.email,ue1_0.nome,ue1_0.senha,ue1_0.version from tb_usuarios ue1_0 where ue1_0.email=?
Hibernate: select r1_0.usuario_id,r1_0.role_name from tb_usuario_roles r1_0 where r1_0.usuario_id=?
Hibernate: select count(*) from tb_revoked_tokens rte1_0 where rte1_0.token_hash=?
Hibernate: select ue1_0.id,ue1_0.ativo,ue1_0.email,ue1_0.nome,ue1_0.senha,ue1_0.version from tb_usuarios ue1_0 where ue1_0.email=?
Hibernate: select r1_0.usuario_id,r1_0.role_name from tb_usuario_roles r1_0 where r1_0.usuario_id=?
Hibernate: select count(*) from tb_revoked_tokens rte1_0 where rte1_0.token_hash=?
Hibernate: select ue1_0.id,ue1_0.ativo,ue1_0.email,ue1_0.nome,ue1_0.senha,ue1_0.version from tb_usuarios ue1_0 where ue1_0.email=?
Hibernate: select r1_0.usuario_id,r1_0.role_name from tb_usuario_roles r1_0 where r1_0.usuario_id=?
Hibernate: select count(*) from tb_revoked_tokens rte1_0 where rte1_0.token_hash=?
Hibernate: select ue1_0.id,ue1_0.ativo,ue1_0.email,ue1_0.nome,ue1_0.senha,ue1_0.version from tb_usuarios ue1_0 where ue1_0.email=?
Hibernate: select r1_0.usuario_id,r1_0.role_name from tb_usuario_roles r1_0 where r1_0.usuario_id=?
Hibernate: select count(*) from tb_revoked_tokens rte1_0 where rte1_0.token_hash=?
Hibernate: select ue1_0.id,ue1_0.ativo,ue1_0.email,ue1_0.nome,ue1_0.senha,ue1_0.version from tb_usuarios ue1_0 where ue1_0.email=?
Hibernate: select r1_0.usuario_id,r1_0.role_name from tb_usuario_roles r1_0 where r1_0.usuario_id=?
Hibernate: select count(*) from tb_revoked_tokens rte1_0 where rte1_0.token_hash=?
Hibernate: select ue1_0.id,ue1_0.ativo,ue1_0.email,ue1_0.nome,ue1_0.senha,ue1_0.version from tb_usuarios ue1_0 where ue1_0.email=?
Hibernate: select r1_0.usuario_id,r1_0.role_name from tb_usuario_roles r1_0 where r1_0.usuario_id=?
Hibernate: select count(*) from tb_revoked_tokens rte1_0 where rte1_0.token_hash=?
Hibernate: select ue1_0.id,ue1_0.ativo,ue1_0.email,ue1_0.nome,ue1_0.senha,ue1_0.version from tb_usuarios ue1_0 where ue1_0.email=?
Hibernate: select r1_0.usuario_id,r1_0.role_name from tb_usuario_roles r1_0 where r1_0.usuario_id=?
Hibernate: select count(*) from tb_revoked_tokens rte1_0 where rte1_0.token_hash=?
Hibernate: select ue1_0.id,ue1_0.ativo,ue1_0.email,ue1_0.nome,ue1_0.senha,ue1_0.version from tb_usuarios ue1_0 where ue1_0.email=?
Hibernate: select r1_0.usuario_id,r1_0.role_name from tb_usuario_roles r1_0 where r1_0.usuario_id=?
Hibernate: select count(*) from tb_revoked_tokens rte1_0 where rte1_0.token_hash=?
Hibernate: select ue1_0.id,ue1_0.ativo,ue1_0.email,ue1_0.nome,ue1_0.senha,ue1_0.version from tb_usuarios ue1_0 where ue1_0.email=?
Hibernate: select r1_0.usuario_id,r1_0.role_name from tb_usuario_roles r1_0 where r1_0.usuario_id=?
Hibernate: select count(*) from tb_revoked_tokens rte1_0 where rte1_0.token_hash=?
Hibernate: select ue1_0.id,ue1_0.ativo,ue1_0.email,ue1_0.nome,ue1_0.senha,ue1_0.version from tb_usuarios ue1_0 where ue1_0.email=?
Hibernate: select r1_0.usuario_id,r1_0.role_name from tb_usuario_roles r1_0 where r1_0.usuario_id=?
Hibernate: select ue1_0.id,ue1_0.ativo,ue1_0.email,ue1_0.nome,ue1_0.senha,ue1_0.version from tb_usuarios ue1_0 where ue1_0.email=?
Hibernate: select r1_0.usuario_id,r1_0.role_name from tb_usuario_roles r1_0 where r1_0.usuario_id=?
Hibernate: select count(*) from tb_revoked_tokens rte1_0 where rte1_0.token_hash=?
Hibernate: select ue1_0.id,ue1_0.ativo,ue1_0.email,ue1_0.nome,ue1_0.senha,ue1_0.version from tb_usuarios ue1_0 where ue1_0.email=?
Hibernate: select r1_0.usuario_id,r1_0.role_name from tb_usuario_roles r1_0 where r1_0.usuario_id=?
Hibernate: select count(*) from tb_revoked_tokens rte1_0 where rte1_0.token_hash=?
Hibernate: select ue1_0.id,ue1_0.ativo,ue1_0.email,ue1_0.nome,ue1_0.senha,ue1_0.version from tb_usuarios ue1_0 where ue1_0.email=?
Hibernate: select r1_0.usuario_id,r1_0.role_name from tb_usuario_roles r1_0 where r1_0.usuario_id=?
Hibernate: select count(*) from tb_revoked_tokens rte1_0 where rte1_0.token_hash=?
Hibernate: select ue1_0.id,ue1_0.ativo,ue1_0.email,ue1_0.nome,ue1_0.senha,ue1_0.version from tb_usuarios ue1_0 where ue1_0.email=?
Hibernate: select r1_0.usuario_id,r1_0.role_name from tb_usuario_roles r1_0 where r1_0.usuario_id=?
Hibernate: select count(*) from tb_revoked_tokens rte1_0 where rte1_0.token_hash=?
Hibernate: select ue1_0.id,ue1_0.ativo,ue1_0.email,ue1_0.nome,ue1_0.senha,ue1_0.version from tb_usuarios ue1_0 where ue1_0.email=?
Hibernate: select r1_0.usuario_id,r1_0.role_name from tb_usuario_roles r1_0 where r1_0.usuario_id=?
Hibernate: select count(*) from tb_revoked_tokens rte1_0 where rte1_0.token_hash=?
Hibernate: select ue1_0.id,ue1_0.ativo,ue1_0.email,ue1_0.nome,ue1_0.senha,ue1_0.version from tb_usuarios ue1_0 where ue1_0.email=?
Hibernate: select r1_0.usuario_id,r1_0.role_name from tb_usuario_roles r1_0 where r1_0.usuario_id=?
Hibernate: select count(*) from tb_revoked_tokens rte1_0 where rte1_0.token_hash=?
Hibernate: select ue1_0.id,ue1_0.ativo,ue1_0.email,ue1_0.nome,ue1_0.senha,ue1_0.version from tb_usuarios ue1_0 where ue1_0.email=?
Hibernate: select r1_0.usuario_id,r1_0.role_name from tb_usuario_roles r1_0 where r1_0.usuario_id=?
Hibernate: select count(*) from tb_revoked_tokens rte1_0 where rte1_0.token_hash=?
Hibernate: select ue1_0.id,ue1_0.ativo,ue1_0.email,ue1_0.nome,ue1_0.senha,ue1_0.version from tb_usuarios ue1_0 where ue1_0.email=?
Hibernate: select r1_0.usuario_id,r1_0.role_name from tb_usuario_roles r1_0 where r1_0.usuario_id=?
Hibernate: select count(*) from tb_revoked_tokens rte1_0 where rte1_0.token_hash=?
Hibernate: select ue1_0.id,ue1_0.ativo,ue1_0.email,ue1_0.nome,ue1_0.senha,ue1_0.version from tb_usuarios ue1_0 where ue1_0.email=?
Hibernate: select r1_0.usuario_id,r1_0.role_name from tb_usuario_roles r1_0 where r1_0.usuario_id=?
Hibernate: select count(*) from tb_revoked_tokens rte1_0 where rte1_0.token_hash=?
Hibernate: select ue1_0.id,ue1_0.ativo,ue1_0.email,ue1_0.nome,ue1_0.senha,ue1_0.version from tb_usuarios ue1_0 where ue1_0.email=?
Hibernate: select r1_0.usuario_id,r1_0.role_name from tb_usuario_roles r1_0 where r1_0.usuario_id=?
Hibernate: select count(*) from tb_revoked_tokens rte1_0 where rte1_0.token_hash=?
Hibernate: select ue1_0.id,ue1_0.ativo,ue1_0.email,ue1_0.nome,ue1_0.senha,ue1_0.version from tb_usuarios ue1_0 where ue1_0.email=?
Hibernate: select r1_0.usuario_id,r1_0.role_name from tb_usuario_roles r1_0 where r1_0.usuario_id=?
Hibernate: select count(*) from tb_revoked_tokens rte1_0 where rte1_0.token_hash=?
Hibernate: select ue1_0.id,ue1_0.ativo,ue1_0.email,ue1_0.nome,ue1_0.senha,ue1_0.version from tb_usuarios ue1_0 where ue1_0.email=?
Hibernate: select r1_0.usuario_id,r1_0.role_name from tb_usuario_roles r1_0 where r1_0.usuario_id=?
Hibernate: select count(*) from tb_revoked_tokens rte1_0 where rte1_0.token_hash=?
Hibernate: select ue1_0.id,ue1_0.ativo,ue1_0.email,ue1_0.nome,ue1_0.senha,ue1_0.version from tb_usuarios ue1_0 where ue1_0.email=?
Hibernate: select r1_0.usuario_id,r1_0.role_name from tb_usuario_roles r1_0 where r1_0.usuario_id=?
Hibernate: select count(*) from tb_revoked_tokens rte1_0 where rte1_0.token_hash=?
Hibernate: select ue1_0.id,ue1_0.ativo,ue1_0.email,ue1_0.nome,ue1_0.senha,ue1_0.version from tb_usuarios ue1_0 where ue1_0.email=?
Hibernate: select r1_0.usuario_id,r1_0.role_name from tb_usuario_roles r1_0 where r1_0.usuario_id=?
Hibernate: select count(*) from tb_revoked_tokens rte1_0 where rte1_0.token_hash=?
Hibernate: select ue1_0.id,ue1_0.ativo,ue1_0.email,ue1_0.nome,ue1_0.senha,ue1_0.version from tb_usuarios ue1_0 where ue1_0.email=?
Hibernate: select r1_0.usuario_id,r1_0.role_name from tb_usuario_roles r1_0 where r1_0.usuario_id=?
Hibernate: select count(*) from tb_revoked_tokens rte1_0 where rte1_0.token_hash=?
Hibernate: select ue1_0.id,ue1_0.ativo,ue1_0.email,ue1_0.nome,ue1_0.senha,ue1_0.version from tb_usuarios ue1_0 where ue1_0.email=?
Hibernate: select r1_0.usuario_id,r1_0.role_name from tb_usuario_roles r1_0 where r1_0.usuario_id=?
Hibernate: select count(*) from tb_revoked_tokens rte1_0 where rte1_0.token_hash=?
Hibernate: select ue1_0.id,ue1_0.ativo,ue1_0.email,ue1_0.nome,ue1_0.senha,ue1_0.version from tb_usuarios ue1_0 where ue1_0.email=?
Hibernate: select r1_0.usuario_id,r1_0.role_name from tb_usuario_roles r1_0 where r1_0.usuario_id=?
Hibernate: select count(*) from tb_revoked_tokens rte1_0 where rte1_0.token_hash=?
Hibernate: select ue1_0.id,ue1_0.ativo,ue1_0.email,ue1_0.nome,ue1_0.senha,ue1_0.version from tb_usuarios ue1_0 where ue1_0.email=?
Hibernate: select r1_0.usuario_id,r1_0.role_name from tb_usuario_roles r1_0 where r1_0.usuario_id=?
Hibernate: select count(*) from tb_revoked_tokens rte1_0 where rte1_0.token_hash=?
Hibernate: select ue1_0.id,ue1_0.ativo,ue1_0.email,ue1_0.nome,ue1_0.senha,ue1_0.version from tb_usuarios ue1_0 where ue1_0.email=?
Hibernate: select r1_0.usuario_id,r1_0.role_name from tb_usuario_roles r1_0 where r1_0.usuario_id=?
Hibernate: select count(*) from tb_revoked_tokens rte1_0 where rte1_0.token_hash=?
Hibernate: select ue1_0.id,ue1_0.ativo,ue1_0.email,ue1_0.nome,ue1_0.senha,ue1_0.version from tb_usuarios ue1_0 where ue1_0.email=?
Hibernate: select r1_0.usuario_id,r1_0.role_name from tb_usuario_roles r1_0 where r1_0.usuario_id=?
Hibernate: select count(*) from tb_revoked_tokens rte1_0 where rte1_0.token_hash=?
Hibernate: select ue1_0.id,ue1_0.ativo,ue1_0.email,ue1_0.nome,ue1_0.senha,ue1_0.version from tb_usuarios ue1_0 where ue1_0.email=?
Hibernate: select r1_0.usuario_id,r1_0.role_name from tb_usuario_roles r1_0 where r1_0.usuario_id=?
Hibernate: select count(*) from tb_revoked_tokens rte1_0 where rte1_0.token_hash=?
Hibernate: select ue1_0.id,ue1_0.ativo,ue1_0.email,ue1_0.nome,ue1_0.senha,ue1_0.version from tb_usuarios ue1_0 where ue1_0.email=?
Hibernate: select r1_0.usuario_id,r1_0.role_name from tb_usuario_roles r1_0 where r1_0.usuario_id=?
Hibernate: select count(*) from tb_revoked_tokens rte1_0 where rte1_0.token_hash=?
Hibernate: select ue1_0.id,ue1_0.ativo,ue1_0.email,ue1_0.nome,ue1_0.senha,ue1_0.version from tb_usuarios ue1_0 where ue1_0.email=?
Hibernate: select r1_0.usuario_id,r1_0.role_name from tb_usuario_roles r1_0 where r1_0.usuario_id=?
Hibernate: select count(*) from tb_revoked_tokens rte1_0 where rte1_0.token_hash=?
Hibernate: select ue1_0.id,ue1_0.ativo,ue1_0.email,ue1_0.nome,ue1_0.senha,ue1_0.version from tb_usuarios ue1_0 where ue1_0.email=?
Hibernate: select r1_0.usuario_id,r1_0.role_name from tb_usuario_roles r1_0 where r1_0.usuario_id=?
Hibernate: select count(*) from tb_revoked_tokens rte1_0 where rte1_0.token_hash=?
Hibernate: select ue1_0.id,ue1_0.ativo,ue1_0.email,ue1_0.nome,ue1_0.senha,ue1_0.version from tb_usuarios ue1_0 where ue1_0.email=?
Hibernate: select r1_0.usuario_id,r1_0.role_name from tb_usuario_roles r1_0 where r1_0.usuario_id=?
Hibernate: select count(*) from tb_revoked_tokens rte1_0 where rte1_0.token_hash=?
Hibernate: select ue1_0.id,ue1_0.ativo,ue1_0.email,ue1_0.nome,ue1_0.senha,ue1_0.version from tb_usuarios ue1_0 where ue1_0.email=?
Hibernate: select r1_0.usuario_id,r1_0.role_name from tb_usuario_roles r1_0 where r1_0.usuario_id=?
Hibernate: select count(*) from tb_revoked_tokens rte1_0 where rte1_0.token_hash=?
Hibernate: select ue1_0.id,ue1_0.ativo,ue1_0.email,ue1_0.nome,ue1_0.senha,ue1_0.version from tb_usuarios ue1_0 where ue1_0.email=?
Hibernate: select r1_0.usuario_id,r1_0.role_name from tb_usuario_roles r1_0 where r1_0.usuario_id=?
Hibernate: select count(*) from tb_revoked_tokens rte1_0 where rte1_0.token_hash=?
Hibernate: select ue1_0.id,ue1_0.ativo,ue1_0.email,ue1_0.nome,ue1_0.senha,ue1_0.version from tb_usuarios ue1_0 where ue1_0.email=?
Hibernate: select r1_0.usuario_id,r1_0.role_name from tb_usuario_roles r1_0 where r1_0.usuario_id=?
Hibernate: select count(*) from tb_revoked_tokens rte1_0 where rte1_0.token_hash=?
Hibernate: select ue1_0.id,ue1_0.ativo,ue1_0.email,ue1_0.nome,ue1_0.senha,ue1_0.version from tb_usuarios ue1_0 where ue1_0.email=?
Hibernate: select r1_0.usuario_id,r1_0.role_name from tb_usuario_roles r1_0 where r1_0.usuario_id=?
Hibernate: select count(*) from tb_revoked_tokens rte1_0 where rte1_0.token_hash=?
Hibernate: select ue1_0.id,ue1_0.ativo,ue1_0.email,ue1_0.nome,ue1_0.senha,ue1_0.version from tb_usuarios ue1_0 where ue1_0.email=?
Hibernate: select r1_0.usuario_id,r1_0.role_name from tb_usuario_roles r1_0 where r1_0.usuario_id=?
Hibernate: select count(*) from tb_revoked_tokens rte1_0 where rte1_0.token_hash=?
Hibernate: select ue1_0.id,ue1_0.ativo,ue1_0.email,ue1_0.nome,ue1_0.senha,ue1_0.version from tb_usuarios ue1_0 where ue1_0.email=?
Hibernate: select r1_0.usuario_id,r1_0.role_name from tb_usuario_roles r1_0 where r1_0.usuario_id=?
Hibernate: select count(*) from tb_revoked_tokens rte1_0 where rte1_0.token_hash=?
Hibernate: select ue1_0.id,ue1_0.ativo,ue1_0.email,ue1_0.nome,ue1_0.senha,ue1_0.version from tb_usuarios ue1_0 where ue1_0.email=?
Hibernate: select r1_0.usuario_id,r1_0.role_name from tb_usuario_roles r1_0 where r1_0.usuario_id=?
Hibernate: select count(*) from tb_revoked_tokens rte1_0 where rte1_0.token_hash=?
Hibernate: select ue1_0.id,ue1_0.ativo,ue1_0.email,ue1_0.nome,ue1_0.senha,ue1_0.version from tb_usuarios ue1_0 where ue1_0.email=?
Hibernate: select r1_0.usuario_id,r1_0.role_name from tb_usuario_roles r1_0 where r1_0.usuario_id=?
Hibernate: select count(*) from tb_revoked_tokens rte1_0 where rte1_0.token_hash=?
Hibernate: select ue1_0.id,ue1_0.ativo,ue1_0.email,ue1_0.nome,ue1_0.senha,ue1_0.version from tb_usuarios ue1_0 where ue1_0.email=?
Hibernate: select r1_0.usuario_id,r1_0.role_name from tb_usuario_roles r1_0 where r1_0.usuario_id=?
Hibernate: select count(*) from tb_revoked_tokens rte1_0 where rte1_0.token_hash=?
Hibernate: select ue1_0.id,ue1_0.ativo,ue1_0.email,ue1_0.nome,ue1_0.senha,ue1_0.version from tb_usuarios ue1_0 where ue1_0.email=?
Hibernate: select r1_0.usuario_id,r1_0.role_name from tb_usuario_roles r1_0 where r1_0.usuario_id=?
Hibernate: select count(*) from tb_revoked_tokens rte1_0 where rte1_0.token_hash=?
Hibernate: select ue1_0.id,ue1_0.ativo,ue1_0.email,ue1_0.nome,ue1_0.senha,ue1_0.version from tb_usuarios ue1_0 where ue1_0.email=?
Hibernate: select r1_0.usuario_id,r1_0.role_name from tb_usuario_roles r1_0 where r1_0.usuario_id=?
Hibernate: select count(*) from tb_revoked_tokens rte1_0 where rte1_0.token_hash=?
Hibernate: select ue1_0.id,ue1_0.ativo,ue1_0.email,ue1_0.nome,ue1_0.senha,ue1_0.version from tb_usuarios ue1_0 where ue1_0.email=?
Hibernate: select r1_0.usuario_id,r1_0.role_name from tb_usuario_roles r1_0 where r1_0.usuario_id=?
Hibernate: select count(*) from tb_revoked_tokens rte1_0 where rte1_0.token_hash=?
Hibernate: select ue1_0.id,ue1_0.ativo,ue1_0.email,ue1_0.nome,ue1_0.senha,ue1_0.version from tb_usuarios ue1_0 where ue1_0.email=?
Hibernate: select r1_0.usuario_id,r1_0.role_name from tb_usuario_roles r1_0 where r1_0.usuario_id=?
Hibernate: select count(*) from tb_revoked_tokens rte1_0 where rte1_0.token_hash=?
Hibernate: select ue1_0.id,ue1_0.ativo,ue1_0.email,ue1_0.nome,ue1_0.senha,ue1_0.version from tb_usuarios ue1_0 where ue1_0.email=?
Hibernate: select r1_0.usuario_id,r1_0.role_name from tb_usuario_roles r1_0 where r1_0.usuario_id=?
Hibernate: select count(*) from tb_revoked_tokens rte1_0 where rte1_0.token_hash=?
Hibernate: select ue1_0.id,ue1_0.ativo,ue1_0.email,ue1_0.nome,ue1_0.senha,ue1_0.version from tb_usuarios ue1_0 where ue1_0.email=?
Hibernate: select r1_0.usuario_id,r1_0.role_name from tb_usuario_roles r1_0 where r1_0.usuario_id=?
Hibernate: select count(*) from tb_revoked_tokens rte1_0 where rte1_0.token_hash=?
Hibernate: select ue1_0.id,ue1_0.ativo,ue1_0.email,ue1_0.nome,ue1_0.senha,ue1_0.version from tb_usuarios ue1_0 where ue1_0.email=?
Hibernate: select r1_0.usuario_id,r1_0.role_name from tb_usuario_roles r1_0 where r1_0.usuario_id=?
Hibernate: select count(*) from tb_revoked_tokens rte1_0 where rte1_0.token_hash=?
Hibernate: select ue1_0.id,ue1_0.ativo,ue1_0.email,ue1_0.nome,ue1_0.senha,ue1_0.version from tb_usuarios ue1_0 where ue1_0.email=?
Hibernate: select r1_0.usuario_id,r1_0.role_name from tb_usuario_roles r1_0 where r1_0.usuario_id=?
Hibernate: select count(*) from tb_revoked_tokens rte1_0 where rte1_0.token_hash=?
Hibernate: select ue1_0.id,ue1_0.ativo,ue1_0.email,ue1_0.nome,ue1_0.senha,ue1_0.version from tb_usuarios ue1_0 where ue1_0.email=?
Hibernate: select r1_0.usuario_id,r1_0.role_name from tb_usuario_roles r1_0 where r1_0.usuario_id=?
Hibernate: select count(*) from tb_revoked_tokens rte1_0 where rte1_0.token_hash=?
Hibernate: select ue1_0.id,ue1_0.ativo,ue1_0.email,ue1_0.nome,ue1_0.senha,ue1_0.version from tb_usuarios ue1_0 where ue1_0.email=?
Hibernate: select r1_0.usuario_id,r1_0.role_name from tb_usuario_roles r1_0 where r1_0.usuario_id=?
Hibernate: select count(*) from tb_revoked_tokens rte1_0 where rte1_0.token_hash=?
Hibernate: select ue1_0.id,ue1_0.ativo,ue1_0.email,ue1_0.nome,ue1_0.senha,ue1_0.version from tb_usuarios ue1_0 where ue1_0.email=?
Hibernate: select r1_0.usuario_id,r1_0.role_name from tb_usuario_roles r1_0 where r1_0.usuario_id=?
Hibernate: select count(*) from tb_revoked_tokens rte1_0 where rte1_0.token_hash=?
Hibernate: select ue1_0.id,ue1_0.ativo,ue1_0.email,ue1_0.nome,ue1_0.senha,ue1_0.version from tb_usuarios ue1_0 where ue1_0.email=?
Hibernate: select r1_0.usuario_id,r1_0.role_name from tb_usuario_roles r1_0 where r1_0.usuario_id=?
Hibernate: select count(*) from tb_revoked_tokens rte1_0 where rte1_0.token_hash=?
Hibernate: select ue1_0.id,ue1_0.ativo,ue1_0.email,ue1_0.nome,ue1_0.senha,ue1_0.version from tb_usuarios ue1_0 where ue1_0.email=?
Hibernate: select r1_0.usuario_id,r1_0.role_name from tb_usuario_roles r1_0 where r1_0.usuario_id=?
Hibernate: select count(*) from tb_revoked_tokens rte1_0 where rte1_0.token_hash=?
Hibernate: select ue1_0.id,ue1_0.ativo,ue1_0.email,ue1_0.nome,ue1_0.senha,ue1_0.version from tb_usuarios ue1_0 where ue1_0.email=?
Hibernate: select r1_0.usuario_id,r1_0.role_name from tb_usuario_roles r1_0 where r1_0.usuario_id=?
Hibernate: select count(*) from tb_revoked_tokens rte1_0 where rte1_0.token_hash=?
Hibernate: select ue1_0.id,ue1_0.ativo,ue1_0.email,ue1_0.nome,ue1_0.senha,ue1_0.version from tb_usuarios ue1_0 where ue1_0.email=?
Hibernate: select r1_0.usuario_id,r1_0.role_name from tb_usuario_roles r1_0 where r1_0.usuario_id=?
Hibernate: select count(*) from tb_revoked_tokens rte1_0 where rte1_0.token_hash=?
Hibernate: select ue1_0.id,ue1_0.ativo,ue1_0.email,ue1_0.nome,ue1_0.senha,ue1_0.version from tb_usuarios ue1_0 where ue1_0.email=?
Hibernate: select r1_0.usuario_id,r1_0.role_name from tb_usuario_roles r1_0 where r1_0.usuario_id=?
Hibernate: select count(*) from tb_revoked_tokens rte1_0 where rte1_0.token_hash=?
Hibernate: select ue1_0.id,ue1_0.ativo,ue1_0.email,ue1_0.nome,ue1_0.senha,ue1_0.version from tb_usuarios ue1_0 where ue1_0.email=?
Hibernate: select r1_0.usuario_id,r1_0.role_name from tb_usuario_roles r1_0 where r1_0.usuario_id=?
Hibernate: select count(*) from tb_revoked_tokens rte1_0 where rte1_0.token_hash=?
Hibernate: select ue1_0.id,ue1_0.ativo,ue1_0.email,ue1_0.nome,ue1_0.senha,ue1_0.version from tb_usuarios ue1_0 where ue1_0.email=?
Hibernate: select r1_0.usuario_id,r1_0.role_name from tb_usuario_roles r1_0 where r1_0.usuario_id=?
Hibernate: select count(*) from tb_revoked_tokens rte1_0 where rte1_0.token_hash=?
Hibernate: select ue1_0.id,ue1_0.ativo,ue1_0.email,ue1_0.nome,ue1_0.senha,ue1_0.version from tb_usuarios ue1_0 where ue1_0.email=?
Hibernate: select r1_0.usuario_id,r1_0.role_name from tb_usuario_roles r1_0 where r1_0.usuario_id=?
Hibernate: select count(*) from tb_revoked_tokens rte1_0 where rte1_0.token_hash=?
Hibernate: select ue1_0.id,ue1_0.ativo,ue1_0.email,ue1_0.nome,ue1_0.senha,ue1_0.version from tb_usuarios ue1_0 where ue1_0.email=?
Hibernate: select r1_0.usuario_id,r1_0.role_name from tb_usuario_roles r1_0 where r1_0.usuario_id=?
Hibernate: select count(*) from tb_revoked_tokens rte1_0 where rte1_0.token_hash=?
Hibernate: select ue1_0.id,ue1_0.ativo,ue1_0.email,ue1_0.nome,ue1_0.senha,ue1_0.version from tb_usuarios ue1_0 where ue1_0.email=?
Hibernate: select r1_0.usuario_id,r1_0.role_name from tb_usuario_roles r1_0 where r1_0.usuario_id=?
Hibernate: select count(*) from tb_revoked_tokens rte1_0 where rte1_0.token_hash=?
Hibernate: select ue1_0.id,ue1_0.ativo,ue1_0.email,ue1_0.nome,ue1_0.senha,ue1_0.version from tb_usuarios ue1_0 where ue1_0.email=?
Hibernate: select r1_0.usuario_id,r1_0.role_name from tb_usuario_roles r1_0 where r1_0.usuario_id=?
Hibernate: select count(*) from tb_revoked_tokens rte1_0 where rte1_0.token_hash=?
Hibernate: select ue1_0.id,ue1_0.ativo,ue1_0.email,ue1_0.nome,ue1_0.senha,ue1_0.version from tb_usuarios ue1_0 where ue1_0.email=?
Hibernate: select r1_0.usuario_id,r1_0.role_name from tb_usuario_roles r1_0 where r1_0.usuario_id=?
Hibernate: select count(*) from tb_revoked_tokens rte1_0 where rte1_0.token_hash=?
Hibernate: select ue1_0.id,ue1_0.ativo,ue1_0.email,ue1_0.nome,ue1_0.senha,ue1_0.version from tb_usuarios ue1_0 where ue1_0.email=?
Hibernate: select r1_0.usuario_id,r1_0.role_name from tb_usuario_roles r1_0 where r1_0.usuario_id=?
Hibernate: select rte1_0.token_hash,rte1_0.expires_at from tb_revoked_tokens rte1_0 where rte1_0.token_hash=?
Hibernate: insert into tb_revoked_tokens (expires_at,token_hash) values (?,?)
Hibernate: select ue1_0.id,ue1_0.ativo,ue1_0.email,ue1_0.nome,ue1_0.senha,ue1_0.version from tb_usuarios ue1_0 where ue1_0.email=?
Hibernate: select r1_0.usuario_id,r1_0.role_name from tb_usuario_roles r1_0 where r1_0.usuario_id=?
Hibernate: select count(*) from tb_revoked_tokens rte1_0 where rte1_0.token_hash=?
Hibernate: select ue1_0.id,ue1_0.ativo,ue1_0.email,ue1_0.nome,ue1_0.senha,ue1_0.version from tb_usuarios ue1_0 where ue1_0.email=?
Hibernate: select r1_0.usuario_id,r1_0.role_name from tb_usuario_roles r1_0 where r1_0.usuario_id=?
Hibernate: select count(*) from tb_revoked_tokens rte1_0 where rte1_0.token_hash=?
Hibernate: select ue1_0.id,ue1_0.ativo,ue1_0.email,ue1_0.nome,ue1_0.senha,ue1_0.version from tb_usuarios ue1_0 where ue1_0.email=?
Hibernate: select r1_0.usuario_id,r1_0.role_name from tb_usuario_roles r1_0 where r1_0.usuario_id=?
Hibernate: select count(*) from tb_revoked_tokens rte1_0 where rte1_0.token_hash=?
Hibernate: select ue1_0.id,ue1_0.ativo,ue1_0.email,ue1_0.nome,ue1_0.senha,ue1_0.version from tb_usuarios ue1_0 where ue1_0.email=?
Hibernate: select r1_0.usuario_id,r1_0.role_name from tb_usuario_roles r1_0 where r1_0.usuario_id=?
Hibernate: select count(*) from tb_revoked_tokens rte1_0 where rte1_0.token_hash=?
Hibernate: select ue1_0.id,ue1_0.ativo,ue1_0.email,ue1_0.nome,ue1_0.senha,ue1_0.version from tb_usuarios ue1_0 where ue1_0.email=?
Hibernate: select r1_0.usuario_id,r1_0.role_name from tb_usuario_roles r1_0 where r1_0.usuario_id=?
Hibernate: select count(*) from tb_revoked_tokens rte1_0 where rte1_0.token_hash=?
Hibernate: select ue1_0.id,ue1_0.ativo,ue1_0.email,ue1_0.nome,ue1_0.senha,ue1_0.version from tb_usuarios ue1_0 where ue1_0.email=?
Hibernate: select r1_0.usuario_id,r1_0.role_name from tb_usuario_roles r1_0 where r1_0.usuario_id=?
Hibernate: select count(*) from tb_revoked_tokens rte1_0 where rte1_0.token_hash=?
Hibernate: select ue1_0.id,ue1_0.ativo,ue1_0.email,ue1_0.nome,ue1_0.senha,ue1_0.version from tb_usuarios ue1_0 where ue1_0.email=?
Hibernate: select r1_0.usuario_id,r1_0.role_name from tb_usuario_roles r1_0 where r1_0.usuario_id=?
Hibernate: select count(*) from tb_revoked_tokens rte1_0 where rte1_0.token_hash=?
Hibernate: select ue1_0.id,ue1_0.ativo,ue1_0.email,ue1_0.nome,ue1_0.senha,ue1_0.version from tb_usuarios ue1_0 where ue1_0.email=?
Hibernate: select r1_0.usuario_id,r1_0.role_name from tb_usuario_roles r1_0 where r1_0.usuario_id=?
Hibernate: select count(*) from tb_revoked_tokens rte1_0 where rte1_0.token_hash=?
Hibernate: select ue1_0.id,ue1_0.ativo,ue1_0.email,ue1_0.nome,ue1_0.senha,ue1_0.version from tb_usuarios ue1_0 where ue1_0.email=?
Hibernate: select r1_0.usuario_id,r1_0.role_name from tb_usuario_roles r1_0 where r1_0.usuario_id=?
Hibernate: select count(*) from tb_revoked_tokens rte1_0 where rte1_0.token_hash=?
Hibernate: select ue1_0.id,ue1_0.ativo,ue1_0.email,ue1_0.nome,ue1_0.senha,ue1_0.version from tb_usuarios ue1_0 where ue1_0.email=?
Hibernate: select r1_0.usuario_id,r1_0.role_name from tb_usuario_roles r1_0 where r1_0.usuario_id=?
Hibernate: select count(*) from tb_revoked_tokens rte1_0 where rte1_0.token_hash=?
Hibernate: select ue1_0.id,ue1_0.ativo,ue1_0.email,ue1_0.nome,ue1_0.senha,ue1_0.version from tb_usuarios ue1_0 where ue1_0.email=?
Hibernate: select r1_0.usuario_id,r1_0.role_name from tb_usuario_roles r1_0 where r1_0.usuario_id=?
Hibernate: select count(*) from tb_revoked_tokens rte1_0 where rte1_0.token_hash=?
Hibernate: select ue1_0.id,ue1_0.ativo,ue1_0.email,ue1_0.nome,ue1_0.senha,ue1_0.version from tb_usuarios ue1_0 where ue1_0.email=?
Hibernate: select r1_0.usuario_id,r1_0.role_name from tb_usuario_roles r1_0 where r1_0.usuario_id=?
Hibernate: select count(*) from tb_revoked_tokens rte1_0 where rte1_0.token_hash=?
Hibernate: select ue1_0.id,ue1_0.ativo,ue1_0.email,ue1_0.nome,ue1_0.senha,ue1_0.version from tb_usuarios ue1_0 where ue1_0.email=?
Hibernate: select r1_0.usuario_id,r1_0.role_name from tb_usuario_roles r1_0 where r1_0.usuario_id=?
Hibernate: select count(*) from tb_revoked_tokens rte1_0 where rte1_0.token_hash=?
Hibernate: select ue1_0.id,ue1_0.ativo,ue1_0.email,ue1_0.nome,ue1_0.senha,ue1_0.version from tb_usuarios ue1_0 where ue1_0.email=?
Hibernate: select r1_0.usuario_id,r1_0.role_name from tb_usuario_roles r1_0 where r1_0.usuario_id=?
Hibernate: select count(*) from tb_revoked_tokens rte1_0 where rte1_0.token_hash=?
Hibernate: select ue1_0.id,ue1_0.ativo,ue1_0.email,ue1_0.nome,ue1_0.senha,ue1_0.version from tb_usuarios ue1_0 where ue1_0.email=?
Hibernate: select r1_0.usuario_id,r1_0.role_name from tb_usuario_roles r1_0 where r1_0.usuario_id=?
Hibernate: select count(*) from tb_revoked_tokens rte1_0 where rte1_0.token_hash=?
Hibernate: select ue1_0.id,ue1_0.ativo,ue1_0.email,ue1_0.nome,ue1_0.senha,ue1_0.version from tb_usuarios ue1_0 where ue1_0.email=?
Hibernate: select r1_0.usuario_id,r1_0.role_name from tb_usuario_roles r1_0 where r1_0.usuario_id=?
Hibernate: select count(*) from tb_revoked_tokens rte1_0 where rte1_0.token_hash=?
Hibernate: select ue1_0.id,ue1_0.ativo,ue1_0.email,ue1_0.nome,ue1_0.senha,ue1_0.version from tb_usuarios ue1_0 where ue1_0.email=?
Hibernate: select r1_0.usuario_id,r1_0.role_name from tb_usuario_roles r1_0 where r1_0.usuario_id=?
Hibernate: select count(*) from tb_revoked_tokens rte1_0 where rte1_0.token_hash=?
Hibernate: select ue1_0.id,ue1_0.ativo,ue1_0.email,ue1_0.nome,ue1_0.senha,ue1_0.version from tb_usuarios ue1_0 where ue1_0.email=?
Hibernate: select r1_0.usuario_id,r1_0.role_name from tb_usuario_roles r1_0 where r1_0.usuario_id=?
Hibernate: select count(*) from tb_revoked_tokens rte1_0 where rte1_0.token_hash=?
Hibernate: select ue1_0.id,ue1_0.ativo,ue1_0.email,ue1_0.nome,ue1_0.senha,ue1_0.version from tb_usuarios ue1_0 where ue1_0.email=?
Hibernate: select r1_0.usuario_id,r1_0.role_name from tb_usuario_roles r1_0 where r1_0.usuario_id=?
Hibernate: select count(*) from tb_revoked_tokens rte1_0 where rte1_0.token_hash=?
Hibernate: select ue1_0.id,ue1_0.ativo,ue1_0.email,ue1_0.nome,ue1_0.senha,ue1_0.version from tb_usuarios ue1_0 where ue1_0.email=?
Hibernate: select r1_0.usuario_id,r1_0.role_name from tb_usuario_roles r1_0 where r1_0.usuario_id=?
Hibernate: select count(*) from tb_revoked_tokens rte1_0 where rte1_0.token_hash=?
Hibernate: select ue1_0.id,ue1_0.ativo,ue1_0.email,ue1_0.nome,ue1_0.senha,ue1_0.version from tb_usuarios ue1_0 where ue1_0.email=?
Hibernate: select r1_0.usuario_id,r1_0.role_name from tb_usuario_roles r1_0 where r1_0.usuario_id=?
Hibernate: select count(*) from tb_revoked_tokens rte1_0 where rte1_0.token_hash=?
Hibernate: select ue1_0.id,ue1_0.ativo,ue1_0.email,ue1_0.nome,ue1_0.senha,ue1_0.version from tb_usuarios ue1_0 where ue1_0.email=?
Hibernate: select r1_0.usuario_id,r1_0.role_name from tb_usuario_roles r1_0 where r1_0.usuario_id=?
Hibernate: select count(*) from tb_revoked_tokens rte1_0 where rte1_0.token_hash=?
Hibernate: select ue1_0.id,ue1_0.ativo,ue1_0.email,ue1_0.nome,ue1_0.senha,ue1_0.version from tb_usuarios ue1_0 where ue1_0.email=?
Hibernate: select r1_0.usuario_id,r1_0.role_name from tb_usuario_roles r1_0 where r1_0.usuario_id=?
Hibernate: select count(*) from tb_revoked_tokens rte1_0 where rte1_0.token_hash=?
Hibernate: select ue1_0.id,ue1_0.ativo,ue1_0.email,ue1_0.nome,ue1_0.senha,ue1_0.version from tb_usuarios ue1_0 where ue1_0.email=?
Hibernate: select r1_0.usuario_id,r1_0.role_name from tb_usuario_roles r1_0 where r1_0.usuario_id=?
Hibernate: select count(*) from tb_revoked_tokens rte1_0 where rte1_0.token_hash=?
Hibernate: select ue1_0.id,ue1_0.ativo,ue1_0.email,ue1_0.nome,ue1_0.senha,ue1_0.version from tb_usuarios ue1_0 where ue1_0.email=?
Hibernate: select r1_0.usuario_id,r1_0.role_name from tb_usuario_roles r1_0 where r1_0.usuario_id=?
Hibernate: select count(*) from tb_revoked_tokens rte1_0 where rte1_0.token_hash=?
Hibernate: select ue1_0.id,ue1_0.ativo,ue1_0.email,ue1_0.nome,ue1_0.senha,ue1_0.version from tb_usuarios ue1_0 where ue1_0.email=?
Hibernate: select r1_0.usuario_id,r1_0.role_name from tb_usuario_roles r1_0 where r1_0.usuario_id=?
Hibernate: select count(*) from tb_revoked_tokens rte1_0 where rte1_0.token_hash=?
Hibernate: select ue1_0.id,ue1_0.ativo,ue1_0.email,ue1_0.nome,ue1_0.senha,ue1_0.version from tb_usuarios ue1_0 where ue1_0.email=?
Hibernate: select r1_0.usuario_id,r1_0.role_name from tb_usuario_roles r1_0 where r1_0.usuario_id=?
Hibernate: select count(*) from tb_revoked_tokens rte1_0 where rte1_0.token_hash=?
Hibernate: select ue1_0.id,ue1_0.ativo,ue1_0.email,ue1_0.nome,ue1_0.senha,ue1_0.version from tb_usuarios ue1_0 where ue1_0.email=?
Hibernate: select r1_0.usuario_id,r1_0.role_name from tb_usuario_roles r1_0 where r1_0.usuario_id=?
Hibernate: select count(*) from tb_revoked_tokens rte1_0 where rte1_0.token_hash=?
Hibernate: select ue1_0.id,ue1_0.ativo,ue1_0.email,ue1_0.nome,ue1_0.senha,ue1_0.version from tb_usuarios ue1_0 where ue1_0.email=?
Hibernate: select r1_0.usuario_id,r1_0.role_name from tb_usuario_roles r1_0 where r1_0.usuario_id=?
Hibernate: select count(*) from tb_revoked_tokens rte1_0 where rte1_0.token_hash=?
Hibernate: select ue1_0.id,ue1_0.ativo,ue1_0.email,ue1_0.nome,ue1_0.senha,ue1_0.version from tb_usuarios ue1_0 where ue1_0.email=?
Hibernate: select r1_0.usuario_id,r1_0.role_name from tb_usuario_roles r1_0 where r1_0.usuario_id=?
Hibernate: select count(*) from tb_revoked_tokens rte1_0 where rte1_0.token_hash=?
Hibernate: select ue1_0.id,ue1_0.ativo,ue1_0.email,ue1_0.nome,ue1_0.senha,ue1_0.version from tb_usuarios ue1_0 where ue1_0.email=?
Hibernate: select r1_0.usuario_id,r1_0.role_name from tb_usuario_roles r1_0 where r1_0.usuario_id=?
Hibernate: select count(*) from tb_revoked_tokens rte1_0 where rte1_0.token_hash=?
Hibernate: select ue1_0.id,ue1_0.ativo,ue1_0.email,ue1_0.nome,ue1_0.senha,ue1_0.version from tb_usuarios ue1_0 where ue1_0.email=?
Hibernate: select r1_0.usuario_id,r1_0.role_name from tb_usuario_roles r1_0 where r1_0.usuario_id=?
Hibernate: select count(*) from tb_revoked_tokens rte1_0 where rte1_0.token_hash=?
Hibernate: select ue1_0.id,ue1_0.ativo,ue1_0.email,ue1_0.nome,ue1_0.senha,ue1_0.version from tb_usuarios ue1_0 where ue1_0.email=?
Hibernate: select r1_0.usuario_id,r1_0.role_name from tb_usuario_roles r1_0 where r1_0.usuario_id=?
Hibernate: select count(*) from tb_revoked_tokens rte1_0 where rte1_0.token_hash=?
Hibernate: select ue1_0.id,ue1_0.ativo,ue1_0.email,ue1_0.nome,ue1_0.senha,ue1_0.version from tb_usuarios ue1_0 where ue1_0.email=?
Hibernate: select r1_0.usuario_id,r1_0.role_name from tb_usuario_roles r1_0 where r1_0.usuario_id=?
Hibernate: select count(*) from tb_revoked_tokens rte1_0 where rte1_0.token_hash=?
Hibernate: select ue1_0.id,ue1_0.ativo,ue1_0.email,ue1_0.nome,ue1_0.senha,ue1_0.version from tb_usuarios ue1_0 where ue1_0.email=?
Hibernate: select r1_0.usuario_id,r1_0.role_name from tb_usuario_roles r1_0 where r1_0.usuario_id=?
Hibernate: select count(*) from tb_revoked_tokens rte1_0 where rte1_0.token_hash=?
Hibernate: select ue1_0.id,ue1_0.ativo,ue1_0.email,ue1_0.nome,ue1_0.senha,ue1_0.version from tb_usuarios ue1_0 where ue1_0.email=?
Hibernate: select r1_0.usuario_id,r1_0.role_name from tb_usuario_roles r1_0 where r1_0.usuario_id=?
Hibernate: select count(*) from tb_revoked_tokens rte1_0 where rte1_0.token_hash=?
Hibernate: select ue1_0.id,ue1_0.ativo,ue1_0.email,ue1_0.nome,ue1_0.senha,ue1_0.version from tb_usuarios ue1_0 where ue1_0.email=?
Hibernate: select r1_0.usuario_id,r1_0.role_name from tb_usuario_roles r1_0 where r1_0.usuario_id=?
Hibernate: select count(*) from tb_revoked_tokens rte1_0 where rte1_0.token_hash=?
Hibernate: select ue1_0.id,ue1_0.ativo,ue1_0.email,ue1_0.nome,ue1_0.senha,ue1_0.version from tb_usuarios ue1_0 where ue1_0.email=?
Hibernate: select r1_0.usuario_id,r1_0.role_name from tb_usuario_roles r1_0 where r1_0.usuario_id=?
Hibernate: select count(*) from tb_revoked_tokens rte1_0 where rte1_0.token_hash=?
Hibernate: select ue1_0.id,ue1_0.ativo,ue1_0.email,ue1_0.nome,ue1_0.senha,ue1_0.version from tb_usuarios ue1_0 where ue1_0.email=?
Hibernate: select r1_0.usuario_id,r1_0.role_name from tb_usuario_roles r1_0 where r1_0.usuario_id=?
Hibernate: select count(*) from tb_revoked_tokens rte1_0 where rte1_0.token_hash=?
Hibernate: select ue1_0.id,ue1_0.ativo,ue1_0.email,ue1_0.nome,ue1_0.senha,ue1_0.version from tb_usuarios ue1_0 where ue1_0.email=?
Hibernate: select r1_0.usuario_id,r1_0.role_name from tb_usuario_roles r1_0 where r1_0.usuario_id=?
Hibernate: select count(*) from tb_revoked_tokens rte1_0 where rte1_0.token_hash=?
Hibernate: select ue1_0.id,ue1_0.ativo,ue1_0.email,ue1_0.nome,ue1_0.senha,ue1_0.version from tb_usuarios ue1_0 where ue1_0.email=?
Hibernate: select r1_0.usuario_id,r1_0.role_name from tb_usuario_roles r1_0 where r1_0.usuario_id=?
Hibernate: select count(*) from tb_revoked_tokens rte1_0 where rte1_0.token_hash=?
Hibernate: select ue1_0.id,ue1_0.ativo,ue1_0.email,ue1_0.nome,ue1_0.senha,ue1_0.version from tb_usuarios ue1_0 where ue1_0.email=?
Hibernate: select r1_0.usuario_id,r1_0.role_name from tb_usuario_roles r1_0 where r1_0.usuario_id=?
Hibernate: select count(*) from tb_revoked_tokens rte1_0 where rte1_0.token_hash=?
Hibernate: select ue1_0.id,ue1_0.ativo,ue1_0.email,ue1_0.nome,ue1_0.senha,ue1_0.version from tb_usuarios ue1_0 where ue1_0.email=?
Hibernate: select r1_0.usuario_id,r1_0.role_name from tb_usuario_roles r1_0 where r1_0.usuario_id=?
Hibernate: select count(*) from tb_revoked_tokens rte1_0 where rte1_0.token_hash=?
Hibernate: select ue1_0.id,ue1_0.ativo,ue1_0.email,ue1_0.nome,ue1_0.senha,ue1_0.version from tb_usuarios ue1_0 where ue1_0.email=?
Hibernate: select r1_0.usuario_id,r1_0.role_name from tb_usuario_roles r1_0 where r1_0.usuario_id=?
Hibernate: select count(*) from tb_revoked_tokens rte1_0 where rte1_0.token_hash=?
Hibernate: select ue1_0.id,ue1_0.ativo,ue1_0.email,ue1_0.nome,ue1_0.senha,ue1_0.version from tb_usuarios ue1_0 where ue1_0.email=?
Hibernate: select r1_0.usuario_id,r1_0.role_name from tb_usuario_roles r1_0 where r1_0.usuario_id=?
Hibernate: select count(*) from tb_revoked_tokens rte1_0 where rte1_0.token_hash=?
Hibernate: select ue1_0.id,ue1_0.ativo,ue1_0.email,ue1_0.nome,ue1_0.senha,ue1_0.version from tb_usuarios ue1_0 where ue1_0.email=?
Hibernate: select r1_0.usuario_id,r1_0.role_name from tb_usuario_roles r1_0 where r1_0.usuario_id=?
Hibernate: select count(*) from tb_revoked_tokens rte1_0 where rte1_0.token_hash=?
Hibernate: select ue1_0.id,ue1_0.ativo,ue1_0.email,ue1_0.nome,ue1_0.senha,ue1_0.version from tb_usuarios ue1_0 where ue1_0.email=?
Hibernate: select r1_0.usuario_id,r1_0.role_name from tb_usuario_roles r1_0 where r1_0.usuario_id=?
Hibernate: select count(*) from tb_revoked_tokens rte1_0 where rte1_0.token_hash=?
Hibernate: select ue1_0.id,ue1_0.ativo,ue1_0.email,ue1_0.nome,ue1_0.senha,ue1_0.version from tb_usuarios ue1_0 where ue1_0.email=?
Hibernate: select r1_0.usuario_id,r1_0.role_name from tb_usuario_roles r1_0 where r1_0.usuario_id=?
Hibernate: select count(*) from tb_revoked_tokens rte1_0 where rte1_0.token_hash=?
Hibernate: select ue1_0.id,ue1_0.ativo,ue1_0.email,ue1_0.nome,ue1_0.senha,ue1_0.version from tb_usuarios ue1_0 where ue1_0.email=?
Hibernate: select r1_0.usuario_id,r1_0.role_name from tb_usuario_roles r1_0 where r1_0.usuario_id=?
Hibernate: select count(*) from tb_revoked_tokens rte1_0 where rte1_0.token_hash=?
Hibernate: select ue1_0.id,ue1_0.ativo,ue1_0.email,ue1_0.nome,ue1_0.senha,ue1_0.version from tb_usuarios ue1_0 where ue1_0.email=?
Hibernate: select r1_0.usuario_id,r1_0.role_name from tb_usuario_roles r1_0 where r1_0.usuario_id=?
Hibernate: select count(*) from tb_revoked_tokens rte1_0 where rte1_0.token_hash=?
Hibernate: select ue1_0.id,ue1_0.ativo,ue1_0.email,ue1_0.nome,ue1_0.senha,ue1_0.version from tb_usuarios ue1_0 where ue1_0.email=?
Hibernate: select r1_0.usuario_id,r1_0.role_name from tb_usuario_roles r1_0 where r1_0.usuario_id=?
Hibernate: select count(*) from tb_revoked_tokens rte1_0 where rte1_0.token_hash=?
Hibernate: select ue1_0.id,ue1_0.ativo,ue1_0.email,ue1_0.nome,ue1_0.senha,ue1_0.version from tb_usuarios ue1_0 where ue1_0.email=?
Hibernate: select r1_0.usuario_id,r1_0.role_name from tb_usuario_roles r1_0 where r1_0.usuario_id=?
Hibernate: select count(*) from tb_revoked_tokens rte1_0 where rte1_0.token_hash=?
Hibernate: select ue1_0.id,ue1_0.ativo,ue1_0.email,ue1_0.nome,ue1_0.senha,ue1_0.version from tb_usuarios ue1_0 where ue1_0.email=?
Hibernate: select r1_0.usuario_id,r1_0.role_name from tb_usuario_roles r1_0 where r1_0.usuario_id=?
Hibernate: select count(*) from tb_revoked_tokens rte1_0 where rte1_0.token_hash=?
Hibernate: select ue1_0.id,ue1_0.ativo,ue1_0.email,ue1_0.nome,ue1_0.senha,ue1_0.version from tb_usuarios ue1_0 where ue1_0.email=?
Hibernate: select r1_0.usuario_id,r1_0.role_name from tb_usuario_roles r1_0 where r1_0.usuario_id=?
Hibernate: select count(*) from tb_revoked_tokens rte1_0 where rte1_0.token_hash=?
Hibernate: select ue1_0.id,ue1_0.ativo,ue1_0.email,ue1_0.nome,ue1_0.senha,ue1_0.version from tb_usuarios ue1_0 where ue1_0.email=?
Hibernate: select r1_0.usuario_id,r1_0.role_name from tb_usuario_roles r1_0 where r1_0.usuario_id=?
Hibernate: select count(*) from tb_revoked_tokens rte1_0 where rte1_0.token_hash=?
Hibernate: select ue1_0.id,ue1_0.ativo,ue1_0.email,ue1_0.nome,ue1_0.senha,ue1_0.version from tb_usuarios ue1_0 where ue1_0.email=?
Hibernate: select r1_0.usuario_id,r1_0.role_name from tb_usuario_roles r1_0 where r1_0.usuario_id=?
Hibernate: select count(*) from tb_revoked_tokens rte1_0 where rte1_0.token_hash=?
Hibernate: select ue1_0.id,ue1_0.ativo,ue1_0.email,ue1_0.nome,ue1_0.senha,ue1_0.version from tb_usuarios ue1_0 where ue1_0.email=?
Hibernate: select r1_0.usuario_id,r1_0.role_name from tb_usuario_roles r1_0 where r1_0.usuario_id=?
Hibernate: select count(*) from tb_revoked_tokens rte1_0 where rte1_0.token_hash=?
Hibernate: select ue1_0.id,ue1_0.ativo,ue1_0.email,ue1_0.nome,ue1_0.senha,ue1_0.version from tb_usuarios ue1_0 where ue1_0.email=?
Hibernate: select r1_0.usuario_id,r1_0.role_name from tb_usuario_roles r1_0 where r1_0.usuario_id=?
Hibernate: select count(*) from tb_revoked_tokens rte1_0 where rte1_0.token_hash=?
Hibernate: select ue1_0.id,ue1_0.ativo,ue1_0.email,ue1_0.nome,ue1_0.senha,ue1_0.version from tb_usuarios ue1_0 where ue1_0.email=?
Hibernate: select r1_0.usuario_id,r1_0.role_name from tb_usuario_roles r1_0 where r1_0.usuario_id=?
Hibernate: select count(*) from tb_revoked_tokens rte1_0 where rte1_0.token_hash=?
Hibernate: select ue1_0.id,ue1_0.ativo,ue1_0.email,ue1_0.nome,ue1_0.senha,ue1_0.version from tb_usuarios ue1_0 where ue1_0.email=?
Hibernate: select r1_0.usuario_id,r1_0.role_name from tb_usuario_roles r1_0 where r1_0.usuario_id=?
Hibernate: select count(*) from tb_revoked_tokens rte1_0 where rte1_0.token_hash=?
Hibernate: select ue1_0.id,ue1_0.ativo,ue1_0.email,ue1_0.nome,ue1_0.senha,ue1_0.version from tb_usuarios ue1_0 where ue1_0.email=?
Hibernate: select r1_0.usuario_id,r1_0.role_name from tb_usuario_roles r1_0 where r1_0.usuario_id=?
Hibernate: select count(*) from tb_revoked_tokens rte1_0 where rte1_0.token_hash=?
Hibernate: select ue1_0.id,ue1_0.ativo,ue1_0.email,ue1_0.nome,ue1_0.senha,ue1_0.version from tb_usuarios ue1_0 where ue1_0.email=?
Hibernate: select r1_0.usuario_id,r1_0.role_name from tb_usuario_roles r1_0 where r1_0.usuario_id=?
Hibernate: select count(*) from tb_revoked_tokens rte1_0 where rte1_0.token_hash=?
Hibernate: select ue1_0.id,ue1_0.ativo,ue1_0.email,ue1_0.nome,ue1_0.senha,ue1_0.version from tb_usuarios ue1_0 where ue1_0.email=?
Hibernate: select r1_0.usuario_id,r1_0.role_name from tb_usuario_roles r1_0 where r1_0.usuario_id=?
Hibernate: select rte1_0.token_hash,rte1_0.expires_at from tb_revoked_tokens rte1_0 where rte1_0.token_hash=?
Hibernate: insert into tb_revoked_tokens (expires_at,token_hash) values (?,?)
Hibernate: select ue1_0.id,ue1_0.ativo,ue1_0.email,ue1_0.nome,ue1_0.senha,ue1_0.version from tb_usuarios ue1_0 where ue1_0.email=?
Hibernate: select r1_0.usuario_id,r1_0.role_name from tb_usuario_roles r1_0 where r1_0.usuario_id=?
Hibernate: select count(*) from tb_revoked_tokens rte1_0 where rte1_0.token_hash=?
Hibernate: select ue1_0.id,ue1_0.ativo,ue1_0.email,ue1_0.nome,ue1_0.senha,ue1_0.version from tb_usuarios ue1_0 where ue1_0.email=?
Hibernate: select r1_0.usuario_id,r1_0.role_name from tb_usuario_roles r1_0 where r1_0.usuario_id=?
Hibernate: select count(*) from tb_revoked_tokens rte1_0 where rte1_0.token_hash=?
Hibernate: select ue1_0.id,ue1_0.ativo,ue1_0.email,ue1_0.nome,ue1_0.senha,ue1_0.version from tb_usuarios ue1_0 where ue1_0.email=?
Hibernate: select r1_0.usuario_id,r1_0.role_name from tb_usuario_roles r1_0 where r1_0.usuario_id=?
Hibernate: select count(*) from tb_revoked_tokens rte1_0 where rte1_0.token_hash=?
Hibernate: select ue1_0.id,ue1_0.ativo,ue1_0.email,ue1_0.nome,ue1_0.senha,ue1_0.version from tb_usuarios ue1_0 where ue1_0.email=?
Hibernate: select r1_0.usuario_id,r1_0.role_name from tb_usuario_roles r1_0 where r1_0.usuario_id=?
Hibernate: select count(*) from tb_revoked_tokens rte1_0 where rte1_0.token_hash=?
Hibernate: select ue1_0.id,ue1_0.ativo,ue1_0.email,ue1_0.nome,ue1_0.senha,ue1_0.version from tb_usuarios ue1_0 where ue1_0.email=?
Hibernate: select r1_0.usuario_id,r1_0.role_name from tb_usuario_roles r1_0 where r1_0.usuario_id=?
Hibernate: select count(*) from tb_revoked_tokens rte1_0 where rte1_0.token_hash=?
Hibernate: select ue1_0.id,ue1_0.ativo,ue1_0.email,ue1_0.nome,ue1_0.senha,ue1_0.version from tb_usuarios ue1_0 where ue1_0.email=?
Hibernate: select r1_0.usuario_id,r1_0.role_name from tb_usuario_roles r1_0 where r1_0.usuario_id=?
Hibernate: select count(*) from tb_revoked_tokens rte1_0 where rte1_0.token_hash=?
Hibernate: select ue1_0.id,ue1_0.ativo,ue1_0.email,ue1_0.nome,ue1_0.senha,ue1_0.version from tb_usuarios ue1_0 where ue1_0.email=?
Hibernate: select r1_0.usuario_id,r1_0.role_name from tb_usuario_roles r1_0 where r1_0.usuario_id=?
Hibernate: select count(*) from tb_revoked_tokens rte1_0 where rte1_0.token_hash=?
Hibernate: select ue1_0.id,ue1_0.ativo,ue1_0.email,ue1_0.nome,ue1_0.senha,ue1_0.version from tb_usuarios ue1_0 where ue1_0.email=?
Hibernate: select r1_0.usuario_id,r1_0.role_name from tb_usuario_roles r1_0 where r1_0.usuario_id=?
Hibernate: select count(*) from tb_revoked_tokens rte1_0 where rte1_0.token_hash=?
Hibernate: select ue1_0.id,ue1_0.ativo,ue1_0.email,ue1_0.nome,ue1_0.senha,ue1_0.version from tb_usuarios ue1_0 where ue1_0.email=?
Hibernate: select r1_0.usuario_id,r1_0.role_name from tb_usuario_roles r1_0 where r1_0.usuario_id=?
Hibernate: select count(*) from tb_revoked_tokens rte1_0 where rte1_0.token_hash=?
Hibernate: select ue1_0.id,ue1_0.ativo,ue1_0.email,ue1_0.nome,ue1_0.senha,ue1_0.version from tb_usuarios ue1_0 where ue1_0.email=?
Hibernate: select r1_0.usuario_id,r1_0.role_name from tb_usuario_roles r1_0 where r1_0.usuario_id=?
Hibernate: select count(*) from tb_revoked_tokens rte1_0 where rte1_0.token_hash=?
Hibernate: select ue1_0.id,ue1_0.ativo,ue1_0.email,ue1_0.nome,ue1_0.senha,ue1_0.version from tb_usuarios ue1_0 where ue1_0.email=?
Hibernate: select r1_0.usuario_id,r1_0.role_name from tb_usuario_roles r1_0 where r1_0.usuario_id=?
Hibernate: select count(*) from tb_revoked_tokens rte1_0 where rte1_0.token_hash=?
Hibernate: select ue1_0.id,ue1_0.ativo,ue1_0.email,ue1_0.nome,ue1_0.senha,ue1_0.version from tb_usuarios ue1_0 where ue1_0.email=?
Hibernate: select r1_0.usuario_id,r1_0.role_name from tb_usuario_roles r1_0 where r1_0.usuario_id=?
Hibernate: select count(*) from tb_revoked_tokens rte1_0 where rte1_0.token_hash=?
Hibernate: select ue1_0.id,ue1_0.ativo,ue1_0.email,ue1_0.nome,ue1_0.senha,ue1_0.version from tb_usuarios ue1_0 where ue1_0.email=?
Hibernate: select r1_0.usuario_id,r1_0.role_name from tb_usuario_roles r1_0 where r1_0.usuario_id=?
Hibernate: select count(*) from tb_revoked_tokens rte1_0 where rte1_0.token_hash=?
Hibernate: select ue1_0.id,ue1_0.ativo,ue1_0.email,ue1_0.nome,ue1_0.senha,ue1_0.version from tb_usuarios ue1_0 where ue1_0.email=?
Hibernate: select r1_0.usuario_id,r1_0.role_name from tb_usuario_roles r1_0 where r1_0.usuario_id=?
Hibernate: select count(*) from tb_revoked_tokens rte1_0 where rte1_0.token_hash=?
Hibernate: select ue1_0.id,ue1_0.ativo,ue1_0.email,ue1_0.nome,ue1_0.senha,ue1_0.version from tb_usuarios ue1_0 where ue1_0.email=?
Hibernate: select r1_0.usuario_id,r1_0.role_name from tb_usuario_roles r1_0 where r1_0.usuario_id=?
Hibernate: select count(*) from tb_revoked_tokens rte1_0 where rte1_0.token_hash=?
Hibernate: select ue1_0.id,ue1_0.ativo,ue1_0.email,ue1_0.nome,ue1_0.senha,ue1_0.version from tb_usuarios ue1_0 where ue1_0.email=?
Hibernate: select r1_0.usuario_id,r1_0.role_name from tb_usuario_roles r1_0 where r1_0.usuario_id=?
Hibernate: select count(*) from tb_revoked_tokens rte1_0 where rte1_0.token_hash=?
Hibernate: select ue1_0.id,ue1_0.ativo,ue1_0.email,ue1_0.nome,ue1_0.senha,ue1_0.version from tb_usuarios ue1_0 where ue1_0.email=?
Hibernate: select r1_0.usuario_id,r1_0.role_name from tb_usuario_roles r1_0 where r1_0.usuario_id=?
Hibernate: select count(*) from tb_revoked_tokens rte1_0 where rte1_0.token_hash=?
Hibernate: select ue1_0.id,ue1_0.ativo,ue1_0.email,ue1_0.nome,ue1_0.senha,ue1_0.version from tb_usuarios ue1_0 where ue1_0.email=?
Hibernate: select r1_0.usuario_id,r1_0.role_name from tb_usuario_roles r1_0 where r1_0.usuario_id=?
Hibernate: select count(*) from tb_revoked_tokens rte1_0 where rte1_0.token_hash=?
Hibernate: select ue1_0.id,ue1_0.ativo,ue1_0.email,ue1_0.nome,ue1_0.senha,ue1_0.version from tb_usuarios ue1_0 where ue1_0.email=?
Hibernate: select r1_0.usuario_id,r1_0.role_name from tb_usuario_roles r1_0 where r1_0.usuario_id=?
Hibernate: select count(*) from tb_revoked_tokens rte1_0 where rte1_0.token_hash=?
Hibernate: select ue1_0.id,ue1_0.ativo,ue1_0.email,ue1_0.nome,ue1_0.senha,ue1_0.version from tb_usuarios ue1_0 where ue1_0.email=?
Hibernate: select r1_0.usuario_id,r1_0.role_name from tb_usuario_roles r1_0 where r1_0.usuario_id=?
Hibernate: select count(*) from tb_revoked_tokens rte1_0 where rte1_0.token_hash=?
Hibernate: select ue1_0.id,ue1_0.ativo,ue1_0.email,ue1_0.nome,ue1_0.senha,ue1_0.version from tb_usuarios ue1_0 where ue1_0.email=?
Hibernate: select r1_0.usuario_id,r1_0.role_name from tb_usuario_roles r1_0 where r1_0.usuario_id=?
Hibernate: select count(*) from tb_revoked_tokens rte1_0 where rte1_0.token_hash=?
Hibernate: select ue1_0.id,ue1_0.ativo,ue1_0.email,ue1_0.nome,ue1_0.senha,ue1_0.version from tb_usuarios ue1_0 where ue1_0.email=?
Hibernate: select r1_0.usuario_id,r1_0.role_name from tb_usuario_roles r1_0 where r1_0.usuario_id=?
Hibernate: select count(*) from tb_revoked_tokens rte1_0 where rte1_0.token_hash=?
Hibernate: select ue1_0.id,ue1_0.ativo,ue1_0.email,ue1_0.nome,ue1_0.senha,ue1_0.version from tb_usuarios ue1_0 where ue1_0.email=?
Hibernate: select r1_0.usuario_id,r1_0.role_name from tb_usuario_roles r1_0 where r1_0.usuario_id=?
Hibernate: select count(*) from tb_revoked_tokens rte1_0 where rte1_0.token_hash=?
Hibernate: select ue1_0.id,ue1_0.ativo,ue1_0.email,ue1_0.nome,ue1_0.senha,ue1_0.version from tb_usuarios ue1_0 where ue1_0.email=?
Hibernate: select r1_0.usuario_id,r1_0.role_name from tb_usuario_roles r1_0 where r1_0.usuario_id=?
Hibernate: select count(*) from tb_revoked_tokens rte1_0 where rte1_0.token_hash=?
Hibernate: select ue1_0.id,ue1_0.ativo,ue1_0.email,ue1_0.nome,ue1_0.senha,ue1_0.version from tb_usuarios ue1_0 where ue1_0.email=?
Hibernate: select r1_0.usuario_id,r1_0.role_name from tb_usuario_roles r1_0 where r1_0.usuario_id=?
Hibernate: select count(*) from tb_revoked_tokens rte1_0 where rte1_0.token_hash=?
Hibernate: select ue1_0.id,ue1_0.ativo,ue1_0.email,ue1_0.nome,ue1_0.senha,ue1_0.version from tb_usuarios ue1_0 where ue1_0.email=?
Hibernate: select r1_0.usuario_id,r1_0.role_name from tb_usuario_roles r1_0 where r1_0.usuario_id=?
Hibernate: select count(*) from tb_revoked_tokens rte1_0 where rte1_0.token_hash=?
Hibernate: select ue1_0.id,ue1_0.ativo,ue1_0.email,ue1_0.nome,ue1_0.senha,ue1_0.version from tb_usuarios ue1_0 where ue1_0.email=?
Hibernate: select r1_0.usuario_id,r1_0.role_name from tb_usuario_roles r1_0 where r1_0.usuario_id=?
Hibernate: select count(*) from tb_revoked_tokens rte1_0 where rte1_0.token_hash=?
Hibernate: select ue1_0.id,ue1_0.ativo,ue1_0.email,ue1_0.nome,ue1_0.senha,ue1_0.version from tb_usuarios ue1_0 where ue1_0.email=?
Hibernate: select r1_0.usuario_id,r1_0.role_name from tb_usuario_roles r1_0 where r1_0.usuario_id=?
Hibernate: select count(*) from tb_revoked_tokens rte1_0 where rte1_0.token_hash=?
Hibernate: select ue1_0.id,ue1_0.ativo,ue1_0.email,ue1_0.nome,ue1_0.senha,ue1_0.version from tb_usuarios ue1_0 where ue1_0.email=?
Hibernate: select r1_0.usuario_id,r1_0.role_name from tb_usuario_roles r1_0 where r1_0.usuario_id=?
Hibernate: select count(*) from tb_revoked_tokens rte1_0 where rte1_0.token_hash=?
Hibernate: select ue1_0.id,ue1_0.ativo,ue1_0.email,ue1_0.nome,ue1_0.senha,ue1_0.version from tb_usuarios ue1_0 where ue1_0.email=?
Hibernate: select r1_0.usuario_id,r1_0.role_name from tb_usuario_roles r1_0 where r1_0.usuario_id=?
Hibernate: select count(*) from tb_revoked_tokens rte1_0 where rte1_0.token_hash=?
Hibernate: select ue1_0.id,ue1_0.ativo,ue1_0.email,ue1_0.nome,ue1_0.senha,ue1_0.version from tb_usuarios ue1_0 where ue1_0.email=?
Hibernate: select r1_0.usuario_id,r1_0.role_name from tb_usuario_roles r1_0 where r1_0.usuario_id=?
Hibernate: select count(*) from tb_revoked_tokens rte1_0 where rte1_0.token_hash=?
Hibernate: select ue1_0.id,ue1_0.ativo,ue1_0.email,ue1_0.nome,ue1_0.senha,ue1_0.version from tb_usuarios ue1_0 where ue1_0.email=?
Hibernate: select r1_0.usuario_id,r1_0.role_name from tb_usuario_roles r1_0 where r1_0.usuario_id=?
Hibernate: select count(*) from tb_revoked_tokens rte1_0 where rte1_0.token_hash=?
Hibernate: select ue1_0.id,ue1_0.ativo,ue1_0.email,ue1_0.nome,ue1_0.senha,ue1_0.version from tb_usuarios ue1_0 where ue1_0.email=?
Hibernate: select r1_0.usuario_id,r1_0.role_name from tb_usuario_roles r1_0 where r1_0.usuario_id=?
Hibernate: select count(*) from tb_revoked_tokens rte1_0 where rte1_0.token_hash=?
Hibernate: select ue1_0.id,ue1_0.ativo,ue1_0.email,ue1_0.nome,ue1_0.senha,ue1_0.version from tb_usuarios ue1_0 where ue1_0.email=?
Hibernate: select r1_0.usuario_id,r1_0.role_name from tb_usuario_roles r1_0 where r1_0.usuario_id=?
Hibernate: select count(*) from tb_revoked_tokens rte1_0 where rte1_0.token_hash=?
Hibernate: select ue1_0.id,ue1_0.ativo,ue1_0.email,ue1_0.nome,ue1_0.senha,ue1_0.version from tb_usuarios ue1_0 where ue1_0.email=?
Hibernate: select r1_0.usuario_id,r1_0.role_name from tb_usuario_roles r1_0 where r1_0.usuario_id=?
Hibernate: select count(*) from tb_revoked_tokens rte1_0 where rte1_0.token_hash=?
Hibernate: select ue1_0.id,ue1_0.ativo,ue1_0.email,ue1_0.nome,ue1_0.senha,ue1_0.version from tb_usuarios ue1_0 where ue1_0.email=?
Hibernate: select r1_0.usuario_id,r1_0.role_name from tb_usuario_roles r1_0 where r1_0.usuario_id=?
Hibernate: select count(*) from tb_revoked_tokens rte1_0 where rte1_0.token_hash=?
Hibernate: select ue1_0.id,ue1_0.ativo,ue1_0.email,ue1_0.nome,ue1_0.senha,ue1_0.version from tb_usuarios ue1_0 where ue1_0.email=?
Hibernate: select r1_0.usuario_id,r1_0.role_name from tb_usuario_roles r1_0 where r1_0.usuario_id=?
Hibernate: select count(*) from tb_revoked_tokens rte1_0 where rte1_0.token_hash=?
Hibernate: select ue1_0.id,ue1_0.ativo,ue1_0.email,ue1_0.nome,ue1_0.senha,ue1_0.version from tb_usuarios ue1_0 where ue1_0.email=?
Hibernate: select r1_0.usuario_id,r1_0.role_name from tb_usuario_roles r1_0 where r1_0.usuario_id=?
Hibernate: select count(*) from tb_revoked_tokens rte1_0 where rte1_0.token_hash=?
Hibernate: select ue1_0.id,ue1_0.ativo,ue1_0.email,ue1_0.nome,ue1_0.senha,ue1_0.version from tb_usuarios ue1_0 where ue1_0.email=?
Hibernate: select r1_0.usuario_id,r1_0.role_name from tb_usuario_roles r1_0 where r1_0.usuario_id=?
Hibernate: select count(*) from tb_revoked_tokens rte1_0 where rte1_0.token_hash=?
Hibernate: select ue1_0.id,ue1_0.ativo,ue1_0.email,ue1_0.nome,ue1_0.senha,ue1_0.version from tb_usuarios ue1_0 where ue1_0.email=?
Hibernate: select r1_0.usuario_id,r1_0.role_name from tb_usuario_roles r1_0 where r1_0.usuario_id=?
Hibernate: select count(*) from tb_revoked_tokens rte1_0 where rte1_0.token_hash=?
Hibernate: select ue1_0.id,ue1_0.ativo,ue1_0.email,ue1_0.nome,ue1_0.senha,ue1_0.version from tb_usuarios ue1_0 where ue1_0.email=?
Hibernate: select r1_0.usuario_id,r1_0.role_name from tb_usuario_roles r1_0 where r1_0.usuario_id=?
Hibernate: select count(*) from tb_revoked_tokens rte1_0 where rte1_0.token_hash=?
Hibernate: select ue1_0.id,ue1_0.ativo,ue1_0.email,ue1_0.nome,ue1_0.senha,ue1_0.version from tb_usuarios ue1_0 where ue1_0.email=?
Hibernate: select r1_0.usuario_id,r1_0.role_name from tb_usuario_roles r1_0 where r1_0.usuario_id=?
Hibernate: select count(*) from tb_revoked_tokens rte1_0 where rte1_0.token_hash=?
Hibernate: select ue1_0.id,ue1_0.ativo,ue1_0.email,ue1_0.nome,ue1_0.senha,ue1_0.version from tb_usuarios ue1_0 where ue1_0.email=?
Hibernate: select r1_0.usuario_id,r1_0.role_name from tb_usuario_roles r1_0 where r1_0.usuario_id=?
Hibernate: select count(*) from tb_revoked_tokens rte1_0 where rte1_0.token_hash=?
Hibernate: select ue1_0.id,ue1_0.ativo,ue1_0.email,ue1_0.nome,ue1_0.senha,ue1_0.version from tb_usuarios ue1_0 where ue1_0.email=?
Hibernate: select r1_0.usuario_id,r1_0.role_name from tb_usuario_roles r1_0 where r1_0.usuario_id=?
Hibernate: select count(*) from tb_revoked_tokens rte1_0 where rte1_0.token_hash=?
Hibernate: select ue1_0.id,ue1_0.ativo,ue1_0.email,ue1_0.nome,ue1_0.senha,ue1_0.version from tb_usuarios ue1_0 where ue1_0.email=?
Hibernate: select r1_0.usuario_id,r1_0.role_name from tb_usuario_roles r1_0 where r1_0.usuario_id=?
Hibernate: select count(*) from tb_revoked_tokens rte1_0 where rte1_0.token_hash=?
Hibernate: select ue1_0.id,ue1_0.ativo,ue1_0.email,ue1_0.nome,ue1_0.senha,ue1_0.version from tb_usuarios ue1_0 where ue1_0.email=?
Hibernate: select r1_0.usuario_id,r1_0.role_name from tb_usuario_roles r1_0 where r1_0.usuario_id=?
Hibernate: select count(*) from tb_revoked_tokens rte1_0 where rte1_0.token_hash=?
Hibernate: select ue1_0.id,ue1_0.ativo,ue1_0.email,ue1_0.nome,ue1_0.senha,ue1_0.version from tb_usuarios ue1_0 where ue1_0.email=?
Hibernate: select r1_0.usuario_id,r1_0.role_name from tb_usuario_roles r1_0 where r1_0.usuario_id=?
Hibernate: select count(*) from tb_revoked_tokens rte1_0 where rte1_0.token_hash=?
Hibernate: select ue1_0.id,ue1_0.ativo,ue1_0.email,ue1_0.nome,ue1_0.senha,ue1_0.version from tb_usuarios ue1_0 where ue1_0.email=?
Hibernate: select r1_0.usuario_id,r1_0.role_name from tb_usuario_roles r1_0 where r1_0.usuario_id=?
Hibernate: select count(*) from tb_revoked_tokens rte1_0 where rte1_0.token_hash=?
Hibernate: select ue1_0.id,ue1_0.ativo,ue1_0.email,ue1_0.nome,ue1_0.senha,ue1_0.version from tb_usuarios ue1_0 where ue1_0.email=?
Hibernate: select r1_0.usuario_id,r1_0.role_name from tb_usuario_roles r1_0 where r1_0.usuario_id=?
Hibernate: select count(*) from tb_revoked_tokens rte1_0 where rte1_0.token_hash=?
Hibernate: select ue1_0.id,ue1_0.ativo,ue1_0.email,ue1_0.nome,ue1_0.senha,ue1_0.version from tb_usuarios ue1_0 where ue1_0.email=?
Hibernate: select r1_0.usuario_id,r1_0.role_name from tb_usuario_roles r1_0 where r1_0.usuario_id=?
Hibernate: select count(*) from tb_revoked_tokens rte1_0 where rte1_0.token_hash=?
Hibernate: select ue1_0.id,ue1_0.ativo,ue1_0.email,ue1_0.nome,ue1_0.senha,ue1_0.version from tb_usuarios ue1_0 where ue1_0.email=?
Hibernate: select r1_0.usuario_id,r1_0.role_name from tb_usuario_roles r1_0 where r1_0.usuario_id=?
Hibernate: select count(*) from tb_revoked_tokens rte1_0 where rte1_0.token_hash=?
Hibernate: select ue1_0.id,ue1_0.ativo,ue1_0.email,ue1_0.nome,ue1_0.senha,ue1_0.version from tb_usuarios ue1_0 where ue1_0.email=?
Hibernate: select r1_0.usuario_id,r1_0.role_name from tb_usuario_roles r1_0 where r1_0.usuario_id=?
Hibernate: select count(*) from tb_revoked_tokens rte1_0 where rte1_0.token_hash=?
Hibernate: select ue1_0.id,ue1_0.ativo,ue1_0.email,ue1_0.nome,ue1_0.senha,ue1_0.version from tb_usuarios ue1_0 where ue1_0.email=?
Hibernate: select r1_0.usuario_id,r1_0.role_name from tb_usuario_roles r1_0 where r1_0.usuario_id=?
Hibernate: select count(*) from tb_revoked_tokens rte1_0 where rte1_0.token_hash=?
Hibernate: select ue1_0.id,ue1_0.ativo,ue1_0.email,ue1_0.nome,ue1_0.senha,ue1_0.version from tb_usuarios ue1_0 where ue1_0.email=?
Hibernate: select r1_0.usuario_id,r1_0.role_name from tb_usuario_roles r1_0 where r1_0.usuario_id=?
Hibernate: select count(*) from tb_revoked_tokens rte1_0 where rte1_0.token_hash=?
Hibernate: select ue1_0.id,ue1_0.ativo,ue1_0.email,ue1_0.nome,ue1_0.senha,ue1_0.version from tb_usuarios ue1_0 where ue1_0.email=?
Hibernate: select r1_0.usuario_id,r1_0.role_name from tb_usuario_roles r1_0 where r1_0.usuario_id=?
Hibernate: select count(*) from tb_revoked_tokens rte1_0 where rte1_0.token_hash=?
Hibernate: select ue1_0.id,ue1_0.ativo,ue1_0.email,ue1_0.nome,ue1_0.senha,ue1_0.version from tb_usuarios ue1_0 where ue1_0.email=?
Hibernate: select r1_0.usuario_id,r1_0.role_name from tb_usuario_roles r1_0 where r1_0.usuario_id=?
Hibernate: select count(*) from tb_revoked_tokens rte1_0 where rte1_0.token_hash=?
Hibernate: select ue1_0.id,ue1_0.ativo,ue1_0.email,ue1_0.nome,ue1_0.senha,ue1_0.version from tb_usuarios ue1_0 where ue1_0.email=?
Hibernate: select r1_0.usuario_id,r1_0.role_name from tb_usuario_roles r1_0 where r1_0.usuario_id=?
Hibernate: select count(*) from tb_revoked_tokens rte1_0 where rte1_0.token_hash=?
Hibernate: select ue1_0.id,ue1_0.ativo,ue1_0.email,ue1_0.nome,ue1_0.senha,ue1_0.version from tb_usuarios ue1_0 where ue1_0.email=?
Hibernate: select r1_0.usuario_id,r1_0.role_name from tb_usuario_roles r1_0 where r1_0.usuario_id=?
