
  .   ____          _            __ _ _
 /\\ / ___'_ __ _ _(_)_ __  __ _ \ \ \ \
( ( )\___ | '_ | '_| | '_ \/ _` | \ \ \ \
 \\/  ___)| |_)| | | | | || (_| |  ) ) ) )
  '  |____| .__|_| |_|_| |_\__, | / / / /
 =========|_|==============|___/=/_/_/_/

 :: Spring Boot ::                (v4.1.1)

2026-10-07T17:28:55.003-03:00  INFO 13282 --- [pedido-service] [           main] c.p.p.s.SpringframeworkApplication       : Starting SpringframeworkApplication v0.0.1-SNAPSHOT using Java 21.0.7 with PID 13282 (/home/gabriel/Documentos/poiesis/poiesis-backend-spring/.run-local/artifacts/pedido.jar started by gabriel in /home/gabriel/Documentos/poiesis/poiesis-backend-spring)
2026-10-07T17:28:55.129-03:00  INFO 13282 --- [pedido-service] [           main] c.p.p.s.SpringframeworkApplication       : No active profile set, falling back to 1 default profile: "default"
2026-10-07T17:29:08.259-03:00  INFO 13282 --- [pedido-service] [           main] .s.d.r.c.RepositoryConfigurationDelegate : Bootstrapping Spring Data JPA repositories in DEFAULT mode.
2026-10-07T17:29:09.021-03:00  INFO 13282 --- [pedido-service] [           main] .s.d.r.c.RepositoryConfigurationDelegate : Finished Spring Data repository scanning in 635 ms. Found 1 JPA repository interface.
2026-10-07T17:29:17.959-03:00  INFO 13282 --- [pedido-service] [           main] o.s.boot.tomcat.TomcatWebServer          : Tomcat initialized with port 8083 (http)
2026-10-07T17:29:18.210-03:00  INFO 13282 --- [pedido-service] [           main] o.apache.catalina.core.StandardService   : Starting service [Tomcat]
2026-10-07T17:29:18.211-03:00  INFO 13282 --- [pedido-service] [           main] o.apache.catalina.core.StandardEngine    : Starting Servlet engine: [Apache Tomcat/11.0.24]
2026-10-07T17:29:18.615-03:00  INFO 13282 --- [pedido-service] [           main] b.w.c.s.WebApplicationContextInitializer : Root WebApplicationContext: initialization completed in 22309 ms
2026-10-07T17:29:21.659-03:00  INFO 13282 --- [pedido-service] [           main] org.hibernate.orm.jpa                    : HHH008540: Processing PersistenceUnitInfo [name: default]
2026-10-07T17:29:22.680-03:00  INFO 13282 --- [pedido-service] [           main] org.hibernate.orm.core                   : HHH000001: Hibernate ORM core version 7.4.5.Final
2026-10-07T17:29:30.170-03:00  INFO 13282 --- [pedido-service] [           main] o.s.o.j.p.SpringPersistenceUnitInfo      : No LoadTimeWeaver setup: ignoring JPA class transformer
2026-10-07T17:29:30.754-03:00  INFO 13282 --- [pedido-service] [           main] com.zaxxer.hikari.HikariDataSource       : HikariPool-1 - Starting...
2026-10-07T17:29:33.687-03:00  INFO 13282 --- [pedido-service] [           main] com.zaxxer.hikari.pool.HikariPool        : HikariPool-1 - Added connection conn0: url=jdbc:h2:mem:pedidos user=SA
2026-10-07T17:29:33.702-03:00  INFO 13282 --- [pedido-service] [           main] com.zaxxer.hikari.HikariDataSource       : HikariPool-1 - Start completed.
2026-10-07T17:29:34.486-03:00  INFO 13282 --- [pedido-service] [           main] org.hibernate.orm.connections.pooling    : HHH10001005: Database info:
	Database JDBC URL [jdbc:h2:mem:pedidos]
	Database driver: H2 JDBC Driver
	Database dialect: H2Dialect
	Database version: 2.4.240
	Default catalog/schema: PEDIDOS/PUBLIC
	Autocommit mode: undefined/unknown
	Isolation level: READ_COMMITTED [default READ_COMMITTED]
	JDBC fetch size: 100
	Pool: DataSourceConnectionProvider
	Minimum pool size: undefined/unknown
	Maximum pool size: undefined/unknown
2026-10-07T17:29:43.041-03:00  INFO 13282 --- [pedido-service] [           main] org.hibernate.orm.core                   : HHH000489: No JTA platform available (set 'hibernate.transaction.jta.platform' to enable JTA platform integration)
Hibernate: create table tb_item_customizacao (item_id bigint not null, customizacao_id bigint, nome varchar(255), preco_adicional numeric(38,2), tipo varchar(255), posicao integer not null check ((posicao>=0)), primary key (item_id, posicao))
Hibernate: create table tb_item_pedido (id bigint generated by default as identity, nome_produto varchar(255), preco_unitario numeric(38,2), produto_id bigint, quantidade integer, pedido_id bigint, primary key (id))
Hibernate: create table tb_pedidos (id bigint generated by default as identity, cliente_email varchar(255), data_criacao timestamp(6), status enum ('CANCELADO','CRIADO','EM_PROCESSAMENTO','FINALIZADO'), valor_total numeric(38,2), version bigint not null, primary key (id))
Hibernate: alter table if exists tb_item_customizacao add constraint FK9cus38fcmqr7hi1ifyevmq3er foreign key (item_id) references tb_item_pedido
Hibernate: alter table if exists tb_item_pedido add constraint FK84972dyukk617aqp62nvxpj5s foreign key (pedido_id) references tb_pedidos
2026-10-07T17:29:43.584-03:00  INFO 13282 --- [pedido-service] [           main] j.LocalContainerEntityManagerFactoryBean : Initialized JPA EntityManagerFactory for persistence unit 'default'
2026-10-07T17:29:44.452-03:00  INFO 13282 --- [pedido-service] [           main] o.s.d.j.r.query.QueryEnhancerFactories   : Hibernate is in classpath; If applicable, HQL parser will be used.
2026-10-07T17:29:52.281-03:00  WARN 13282 --- [pedido-service] [           main] JpaBaseConfiguration$JpaWebConfiguration : spring.jpa.open-in-view is enabled by default. Therefore, database queries may be performed during view rendering. Explicitly configure spring.jpa.open-in-view to disable this warning
2026-10-07T17:29:58.914-03:00  INFO 13282 --- [pedido-service] [           main] o.s.boot.tomcat.TomcatWebServer          : Tomcat started on port 8083 (http) with context path '/'
2026-10-07T17:29:59.076-03:00  INFO 13282 --- [pedido-service] [           main] c.p.p.s.SpringframeworkApplication       : Started SpringframeworkApplication in 72.558 seconds (process running for 81.69)
2026-10-07T17:30:13.312-03:00  INFO 13282 --- [pedido-service] [nio-8083-exec-2] o.a.c.c.C.[Tomcat].[localhost].[/]       : Initializing Spring DispatcherServlet 'dispatcherServlet'
2026-10-07T17:30:13.313-03:00  INFO 13282 --- [pedido-service] [nio-8083-exec-2] o.s.web.servlet.DispatcherServlet        : Initializing Servlet 'dispatcherServlet'
2026-10-07T17:30:13.319-03:00  INFO 13282 --- [pedido-service] [nio-8083-exec-2] o.s.web.servlet.DispatcherServlet        : Completed initialization in 5 ms
2026-10-07T17:30:13.989-03:00  WARN 13282 --- [pedido-service] [nio-8083-exec-2] o.h.v.i.m.a.CascadingMetaDataBuilder     : HV000271: Using `@Valid` on a container (java.util.List) is deprecated. You should apply the annotation on the type argument(s). Affected element: itens
Hibernate: insert into tb_pedidos (cliente_email,data_criacao,status,valor_total,version,id) values (?,?,?,?,?,default)
Hibernate: insert into tb_item_pedido (nome_produto,preco_unitario,produto_id,quantidade,id) values (?,?,?,?,default)
Hibernate: update tb_item_pedido set pedido_id=? where id=?
Hibernate: insert into tb_item_customizacao (item_id,posicao,customizacao_id,nome,preco_adicional,tipo) values (?,?,?,?,?,?)
2026-10-07T17:30:14.915-03:00  INFO 13282 --- [pedido-service] [nio-8083-exec-2] o.s.a.r.c.CachingConnectionFactory       : Attempting to connect to: [jaragua.lmq.cloudamqp.com:5671]
2026-10-07T17:30:15.583-03:00  INFO 13282 --- [pedido-service] [nio-8083-exec-2] o.s.a.r.c.CachingConnectionFactory       : Created new connection: rabbitConnectionFactory#3a4d0ca2:0/SimpleConnection@2c2499c9 [delegate=amqp://beasdfxx@54.232.184.183:5671/beasdfxx, localPort=36112]
Hibernate: select pe1_0.id,pe1_0.cliente_email,pe1_0.data_criacao,pe1_0.status,pe1_0.valor_total,pe1_0.version from tb_pedidos pe1_0 where pe1_0.id=?
Hibernate: select i1_0.pedido_id,i1_0.id,i1_0.nome_produto,i1_0.preco_unitario,i1_0.produto_id,i1_0.quantidade from tb_item_pedido i1_0 where i1_0.pedido_id=?
Hibernate: select c1_0.item_id,c1_0.posicao,c1_0.customizacao_id,c1_0.nome,c1_0.preco_adicional,c1_0.tipo from tb_item_customizacao c1_0 where c1_0.item_id=?
Hibernate: select pe1_0.id,pe1_0.cliente_email,pe1_0.data_criacao,pe1_0.status,pe1_0.valor_total,pe1_0.version from tb_pedidos pe1_0 where pe1_0.id=?
Hibernate: select i1_0.pedido_id,i1_0.id,i1_0.nome_produto,i1_0.preco_unitario,i1_0.produto_id,i1_0.quantidade from tb_item_pedido i1_0 where i1_0.pedido_id=?
Hibernate: select c1_0.item_id,c1_0.posicao,c1_0.customizacao_id,c1_0.nome,c1_0.preco_adicional,c1_0.tipo from tb_item_customizacao c1_0 where c1_0.item_id=?
Hibernate: select pe1_0.id,pe1_0.cliente_email,pe1_0.data_criacao,pe1_0.status,pe1_0.valor_total,pe1_0.version from tb_pedidos pe1_0 where pe1_0.cliente_email=? order by pe1_0.data_criacao desc
Hibernate: select i1_0.pedido_id,i1_0.id,i1_0.nome_produto,i1_0.preco_unitario,i1_0.produto_id,i1_0.quantidade from tb_item_pedido i1_0 where i1_0.pedido_id=?
Hibernate: select c1_0.item_id,c1_0.posicao,c1_0.customizacao_id,c1_0.nome,c1_0.preco_adicional,c1_0.tipo from tb_item_customizacao c1_0 where c1_0.item_id=?
2026-10-07T17:30:17.962-03:00  WARN 13282 --- [pedido-service] [nio-8083-exec-8] .w.s.m.s.DefaultHandlerExceptionResolver : Resolved [org.springframework.web.bind.MethodArgumentNotValidException: Validation failed for argument [0] in public org.springframework.http.ResponseEntity<com.poiesis.pedido.springframework.controller.dto.response.PedidoResponseDTO> com.poiesis.pedido.springframework.controller.PedidoController.criarPedido(com.poiesis.pedido.springframework.controller.dto.request.PedidoRequestDTO,org.springframework.security.oauth2.jwt.Jwt): [Field error in object 'pedidoRequestDTO' on field 'itens[0].quantidade': rejected value [0]; codes [Positive.pedidoRequestDTO.itens[0].quantidade,Positive.pedidoRequestDTO.itens.quantidade,Positive.itens[0].quantidade,Positive.itens.quantidade,Positive.quantidade,Positive.java.lang.Integer,Positive]; arguments [org.springframework.context.support.DefaultMessageSourceResolvable: codes [pedidoRequestDTO.itens[0].quantidade,itens[0].quantidade]; arguments []; default message [itens[0].quantidade]]; default message [A quantidade deve ser maior que zero.]] ]
Hibernate: select pe1_0.id,pe1_0.cliente_email,pe1_0.data_criacao,pe1_0.status,pe1_0.valor_total,pe1_0.version from tb_pedidos pe1_0 where pe1_0.id=?
Hibernate: select i1_0.pedido_id,i1_0.id,i1_0.nome_produto,i1_0.preco_unitario,i1_0.produto_id,i1_0.quantidade from tb_item_pedido i1_0 where i1_0.pedido_id=?
Hibernate: select c1_0.item_id,c1_0.posicao,c1_0.customizacao_id,c1_0.nome,c1_0.preco_adicional,c1_0.tipo from tb_item_customizacao c1_0 where c1_0.item_id=?
Hibernate: select pe1_0.id,pe1_0.cliente_email,pe1_0.data_criacao,pe1_0.status,pe1_0.valor_total,pe1_0.version from tb_pedidos pe1_0 where pe1_0.cliente_email=? order by pe1_0.data_criacao desc
Hibernate: select pe1_0.id,pe1_0.cliente_email,pe1_0.data_criacao,pe1_0.status,pe1_0.valor_total,pe1_0.version from tb_pedidos pe1_0 order by pe1_0.data_criacao desc
Hibernate: select i1_0.pedido_id,i1_0.id,i1_0.nome_produto,i1_0.preco_unitario,i1_0.produto_id,i1_0.quantidade from tb_item_pedido i1_0 where i1_0.pedido_id=?
Hibernate: select c1_0.item_id,c1_0.posicao,c1_0.customizacao_id,c1_0.nome,c1_0.preco_adicional,c1_0.tipo from tb_item_customizacao c1_0 where c1_0.item_id=?
Hibernate: insert into tb_pedidos (cliente_email,data_criacao,status,valor_total,version,id) values (?,?,?,?,?,default)
Hibernate: insert into tb_item_pedido (nome_produto,preco_unitario,produto_id,quantidade,id) values (?,?,?,?,default)
Hibernate: update tb_item_pedido set pedido_id=? where id=?
Hibernate: select pe1_0.id,pe1_0.cliente_email,pe1_0.data_criacao,pe1_0.status,pe1_0.valor_total,pe1_0.version from tb_pedidos pe1_0 order by pe1_0.data_criacao desc
Hibernate: select i1_0.pedido_id,i1_0.id,i1_0.nome_produto,i1_0.preco_unitario,i1_0.produto_id,i1_0.quantidade from tb_item_pedido i1_0 where i1_0.pedido_id=?
Hibernate: select c1_0.item_id,c1_0.posicao,c1_0.customizacao_id,c1_0.nome,c1_0.preco_adicional,c1_0.tipo from tb_item_customizacao c1_0 where c1_0.item_id=?
Hibernate: select i1_0.pedido_id,i1_0.id,i1_0.nome_produto,i1_0.preco_unitario,i1_0.produto_id,i1_0.quantidade from tb_item_pedido i1_0 where i1_0.pedido_id=?
Hibernate: select c1_0.item_id,c1_0.posicao,c1_0.customizacao_id,c1_0.nome,c1_0.preco_adicional,c1_0.tipo from tb_item_customizacao c1_0 where c1_0.item_id=?
Hibernate: select pe1_0.id,pe1_0.cliente_email,pe1_0.data_criacao,pe1_0.status,pe1_0.valor_total,pe1_0.version from tb_pedidos pe1_0 where pe1_0.cliente_email=? order by pe1_0.data_criacao desc
Hibernate: insert into tb_pedidos (cliente_email,data_criacao,status,valor_total,version,id) values (?,?,?,?,?,default)
Hibernate: insert into tb_item_pedido (nome_produto,preco_unitario,produto_id,quantidade,id) values (?,?,?,?,default)
Hibernate: update tb_item_pedido set pedido_id=? where id=?
Hibernate: insert into tb_item_customizacao (item_id,posicao,customizacao_id,nome,preco_adicional,tipo) values (?,?,?,?,?,?)
Hibernate: select pe1_0.id,pe1_0.cliente_email,pe1_0.data_criacao,pe1_0.status,pe1_0.valor_total,pe1_0.version from tb_pedidos pe1_0 where pe1_0.cliente_email=? order by pe1_0.data_criacao desc
Hibernate: select i1_0.pedido_id,i1_0.id,i1_0.nome_produto,i1_0.preco_unitario,i1_0.produto_id,i1_0.quantidade from tb_item_pedido i1_0 where i1_0.pedido_id=?
Hibernate: select c1_0.item_id,c1_0.posicao,c1_0.customizacao_id,c1_0.nome,c1_0.preco_adicional,c1_0.tipo from tb_item_customizacao c1_0 where c1_0.item_id=?
Hibernate: insert into tb_pedidos (cliente_email,data_criacao,status,valor_total,version,id) values (?,?,?,?,?,default)
Hibernate: insert into tb_item_pedido (nome_produto,preco_unitario,produto_id,quantidade,id) values (?,?,?,?,default)
Hibernate: update tb_item_pedido set pedido_id=? where id=?
Hibernate: insert into tb_item_customizacao (item_id,posicao,customizacao_id,nome,preco_adicional,tipo) values (?,?,?,?,?,?)
Hibernate: insert into tb_pedidos (cliente_email,data_criacao,status,valor_total,version,id) values (?,?,?,?,?,default)
Hibernate: insert into tb_item_pedido (nome_produto,preco_unitario,produto_id,quantidade,id) values (?,?,?,?,default)
Hibernate: update tb_item_pedido set pedido_id=? where id=?
Hibernate: insert into tb_item_customizacao (item_id,posicao,customizacao_id,nome,preco_adicional,tipo) values (?,?,?,?,?,?)
Hibernate: select pe1_0.id,pe1_0.cliente_email,pe1_0.data_criacao,pe1_0.status,pe1_0.valor_total,pe1_0.version from tb_pedidos pe1_0 where pe1_0.cliente_email=? order by pe1_0.data_criacao desc
Hibernate: select i1_0.pedido_id,i1_0.id,i1_0.nome_produto,i1_0.preco_unitario,i1_0.produto_id,i1_0.quantidade from tb_item_pedido i1_0 where i1_0.pedido_id=?
Hibernate: select c1_0.item_id,c1_0.posicao,c1_0.customizacao_id,c1_0.nome,c1_0.preco_adicional,c1_0.tipo from tb_item_customizacao c1_0 where c1_0.item_id=?
Hibernate: select i1_0.pedido_id,i1_0.id,i1_0.nome_produto,i1_0.preco_unitario,i1_0.produto_id,i1_0.quantidade from tb_item_pedido i1_0 where i1_0.pedido_id=?
Hibernate: select c1_0.item_id,c1_0.posicao,c1_0.customizacao_id,c1_0.nome,c1_0.preco_adicional,c1_0.tipo from tb_item_customizacao c1_0 where c1_0.item_id=?
Hibernate: select i1_0.pedido_id,i1_0.id,i1_0.nome_produto,i1_0.preco_unitario,i1_0.produto_id,i1_0.quantidade from tb_item_pedido i1_0 where i1_0.pedido_id=?
Hibernate: select c1_0.item_id,c1_0.posicao,c1_0.customizacao_id,c1_0.nome,c1_0.preco_adicional,c1_0.tipo from tb_item_customizacao c1_0 where c1_0.item_id=?
Hibernate: select pe1_0.id,pe1_0.cliente_email,pe1_0.data_criacao,pe1_0.status,pe1_0.valor_total,pe1_0.version from tb_pedidos pe1_0 where pe1_0.cliente_email=? order by pe1_0.data_criacao desc
Hibernate: select i1_0.pedido_id,i1_0.id,i1_0.nome_produto,i1_0.preco_unitario,i1_0.produto_id,i1_0.quantidade from tb_item_pedido i1_0 where i1_0.pedido_id=?
Hibernate: select c1_0.item_id,c1_0.posicao,c1_0.customizacao_id,c1_0.nome,c1_0.preco_adicional,c1_0.tipo from tb_item_customizacao c1_0 where c1_0.item_id=?
Hibernate: select i1_0.pedido_id,i1_0.id,i1_0.nome_produto,i1_0.preco_unitario,i1_0.produto_id,i1_0.quantidade from tb_item_pedido i1_0 where i1_0.pedido_id=?
Hibernate: select c1_0.item_id,c1_0.posicao,c1_0.customizacao_id,c1_0.nome,c1_0.preco_adicional,c1_0.tipo from tb_item_customizacao c1_0 where c1_0.item_id=?
Hibernate: select i1_0.pedido_id,i1_0.id,i1_0.nome_produto,i1_0.preco_unitario,i1_0.produto_id,i1_0.quantidade from tb_item_pedido i1_0 where i1_0.pedido_id=?
Hibernate: select c1_0.item_id,c1_0.posicao,c1_0.customizacao_id,c1_0.nome,c1_0.preco_adicional,c1_0.tipo from tb_item_customizacao c1_0 where c1_0.item_id=?
