
  .   ____          _            __ _ _
 /\\ / ___'_ __ _ _(_)_ __  __ _ \ \ \ \
( ( )\___ | '_ | '_| | '_ \/ _` | \ \ \ \
 \\/  ___)| |_)| | | | | || (_| |  ) ) ) )
  '  |____| .__|_| |_|_| |_\__, | / / / /
 =========|_|==============|___/=/_/_/_/

 :: Spring Boot ::                (v4.1.1)

2026-10-07T09:03:02.025-03:00  INFO 8645 --- [producao-service] [           main] c.p.producao.SpringframeworkApplication  : Starting SpringframeworkApplication using Java 21.0.7 with PID 8645 (/home/gabriel/Downloads/Backend/poiesis-backend-spring/producao/springframework/target/springframework-0.0.1-SNAPSHOT.jar started by gabriel in /home/gabriel/Downloads/Backend/poiesis-backend-spring)
2026-10-07T09:03:02.036-03:00  INFO 8645 --- [producao-service] [           main] c.p.producao.SpringframeworkApplication  : No active profile set, falling back to 1 default profile: "default"
2026-10-07T09:03:04.075-03:00  INFO 8645 --- [producao-service] [           main] .s.d.r.c.RepositoryConfigurationDelegate : Bootstrapping Spring Data JPA repositories in DEFAULT mode.
2026-10-07T09:03:04.171-03:00  INFO 8645 --- [producao-service] [           main] .s.d.r.c.RepositoryConfigurationDelegate : Finished Spring Data repository scanning in 80 ms. Found 1 JPA repository interface.
2026-10-07T09:03:05.610-03:00  INFO 8645 --- [producao-service] [           main] o.s.boot.tomcat.TomcatWebServer          : Tomcat initialized with port 8085 (http)
2026-10-07T09:03:05.653-03:00  INFO 8645 --- [producao-service] [           main] o.apache.catalina.core.StandardService   : Starting service [Tomcat]
2026-10-07T09:03:05.654-03:00  INFO 8645 --- [producao-service] [           main] o.apache.catalina.core.StandardEngine    : Starting Servlet engine: [Apache Tomcat/11.0.24]
2026-10-07T09:03:05.714-03:00  INFO 8645 --- [producao-service] [           main] b.w.c.s.WebApplicationContextInitializer : Root WebApplicationContext: initialization completed in 3473 ms
2026-10-07T09:03:06.199-03:00  INFO 8645 --- [producao-service] [           main] org.hibernate.orm.jpa                    : HHH008540: Processing PersistenceUnitInfo [name: default]
2026-10-07T09:03:06.310-03:00  INFO 8645 --- [producao-service] [           main] org.hibernate.orm.core                   : HHH000001: Hibernate ORM core version 7.4.5.Final
2026-10-07T09:03:07.297-03:00  INFO 8645 --- [producao-service] [           main] o.s.o.j.p.SpringPersistenceUnitInfo      : No LoadTimeWeaver setup: ignoring JPA class transformer
2026-10-07T09:03:07.373-03:00  INFO 8645 --- [producao-service] [           main] com.zaxxer.hikari.HikariDataSource       : HikariPool-1 - Starting...
2026-10-07T09:03:07.849-03:00  INFO 8645 --- [producao-service] [           main] com.zaxxer.hikari.pool.HikariPool        : HikariPool-1 - Added connection conn0: url=jdbc:h2:mem:producao user=SA
2026-10-07T09:03:07.854-03:00  INFO 8645 --- [producao-service] [           main] com.zaxxer.hikari.HikariDataSource       : HikariPool-1 - Start completed.
2026-10-07T09:03:07.995-03:00  INFO 8645 --- [producao-service] [           main] org.hibernate.orm.connections.pooling    : HHH10001005: Database info:
	Database JDBC URL [jdbc:h2:mem:producao]
	Database driver: H2 JDBC Driver
	Database dialect: H2Dialect
	Database version: 2.4.240
	Default catalog/schema: PRODUCAO/PUBLIC
	Autocommit mode: undefined/unknown
	Isolation level: READ_COMMITTED [default READ_COMMITTED]
	JDBC fetch size: 100
	Pool: DataSourceConnectionProvider
	Minimum pool size: undefined/unknown
	Maximum pool size: undefined/unknown
2026-10-07T09:03:09.666-03:00  INFO 8645 --- [producao-service] [           main] org.hibernate.orm.core                   : HHH000489: No JTA platform available (set 'hibernate.transaction.jta.platform' to enable JTA platform integration)
Hibernate: create table tb_ordem_producao (id bigint generated by default as identity, cliente_email varchar(255), data_atualizacao timestamp(6), data_inicio timestamp(6), pedido_id bigint not null, status enum ('ACABAMENTO','CANCELADO','CONCLUIDO','EM_CORTE','EM_COSTURA','PENDENTE'), version bigint not null, primary key (id))
Hibernate: alter table if exists tb_ordem_producao drop constraint if exists uk_ordem_pedido
Hibernate: alter table if exists tb_ordem_producao add constraint uk_ordem_pedido unique (pedido_id)
2026-10-07T09:03:09.773-03:00  INFO 8645 --- [producao-service] [           main] j.LocalContainerEntityManagerFactoryBean : Initialized JPA EntityManagerFactory for persistence unit 'default'
2026-10-07T09:03:10.032-03:00  INFO 8645 --- [producao-service] [           main] o.s.d.j.r.query.QueryEnhancerFactories   : Hibernate is in classpath; If applicable, HQL parser will be used.
2026-10-07T09:03:10.731-03:00  WARN 8645 --- [producao-service] [           main] JpaBaseConfiguration$JpaWebConfiguration : spring.jpa.open-in-view is enabled by default. Therefore, database queries may be performed during view rendering. Explicitly configure spring.jpa.open-in-view to disable this warning
2026-10-07T09:03:12.734-03:00  INFO 8645 --- [producao-service] [           main] o.s.boot.tomcat.TomcatWebServer          : Tomcat started on port 8085 (http) with context path '/'
2026-10-07T09:03:12.756-03:00  INFO 8645 --- [producao-service] [           main] o.s.a.r.c.CachingConnectionFactory       : Attempting to connect to: [jaragua.lmq.cloudamqp.com:5671]
2026-10-07T09:03:13.277-03:00  INFO 8645 --- [producao-service] [           main] o.s.a.r.c.CachingConnectionFactory       : Created new connection: rabbitConnectionFactory#53d94a6b:0/SimpleConnection@6d86d1ad [delegate=amqp://beasdfxx@54.232.184.183:5671/beasdfxx, localPort=47622]
2026-10-07T09:03:13.513-03:00  INFO 8645 --- [producao-service] [           main] c.p.producao.SpringframeworkApplication  : Started SpringframeworkApplication in 12.416 seconds (process running for 13.85)
