
  .   ____          _            __ _ _
 /\\ / ___'_ __ _ _(_)_ __  __ _ \ \ \ \
( ( )\___ | '_ | '_| | '_ \/ _` | \ \ \ \
 \\/  ___)| |_)| | | | | || (_| |  ) ) ) )
  '  |____| .__|_| |_|_| |_\__, | / / / /
 =========|_|==============|___/=/_/_/_/

 :: Spring Boot ::                (v4.1.1)

2026-10-07T17:28:49.544-03:00  INFO 13289 --- [relatorio-service] [           main] c.p.r.SpringframeworkApplication         : Starting SpringframeworkApplication v0.0.1-SNAPSHOT using Java 21.0.7 with PID 13289 (/home/gabriel/Documentos/poiesis/poiesis-backend-spring/.run-local/artifacts/relatorio.jar started by gabriel in /home/gabriel/Documentos/poiesis/poiesis-backend-spring)
2026-10-07T17:28:49.595-03:00  INFO 13289 --- [relatorio-service] [           main] c.p.r.SpringframeworkApplication         : No active profile set, falling back to 1 default profile: "default"
2026-10-07T17:29:05.399-03:00  INFO 13289 --- [relatorio-service] [           main] .s.d.r.c.RepositoryConfigurationDelegate : Bootstrapping Spring Data JPA repositories in DEFAULT mode.
2026-10-07T17:29:06.306-03:00  INFO 13289 --- [relatorio-service] [           main] .s.d.r.c.RepositoryConfigurationDelegate : Finished Spring Data repository scanning in 728 ms. Found 1 JPA repository interface.
2026-10-07T17:29:17.855-03:00  INFO 13289 --- [relatorio-service] [           main] o.s.boot.tomcat.TomcatWebServer          : Tomcat initialized with port 8084 (http)
2026-10-07T17:29:18.074-03:00  INFO 13289 --- [relatorio-service] [           main] o.apache.catalina.core.StandardService   : Starting service [Tomcat]
2026-10-07T17:29:18.084-03:00  INFO 13289 --- [relatorio-service] [           main] o.apache.catalina.core.StandardEngine    : Starting Servlet engine: [Apache Tomcat/11.0.24]
2026-10-07T17:29:18.476-03:00  INFO 13289 --- [relatorio-service] [           main] b.w.c.s.WebApplicationContextInitializer : Root WebApplicationContext: initialization completed in 27941 ms
2026-10-07T17:29:21.959-03:00  INFO 13289 --- [relatorio-service] [           main] org.hibernate.orm.jpa                    : HHH008540: Processing PersistenceUnitInfo [name: default]
2026-10-07T17:29:22.510-03:00  INFO 13289 --- [relatorio-service] [           main] org.hibernate.orm.core                   : HHH000001: Hibernate ORM core version 7.4.5.Final
2026-10-07T17:29:28.654-03:00  INFO 13289 --- [relatorio-service] [           main] o.s.o.j.p.SpringPersistenceUnitInfo      : No LoadTimeWeaver setup: ignoring JPA class transformer
2026-10-07T17:29:29.056-03:00  INFO 13289 --- [relatorio-service] [           main] com.zaxxer.hikari.HikariDataSource       : HikariPool-1 - Starting...
2026-10-07T17:29:31.422-03:00  INFO 13289 --- [relatorio-service] [           main] com.zaxxer.hikari.pool.HikariPool        : HikariPool-1 - Added connection conn0: url=jdbc:h2:mem:relatorio user=SA
2026-10-07T17:29:31.428-03:00  INFO 13289 --- [relatorio-service] [           main] com.zaxxer.hikari.HikariDataSource       : HikariPool-1 - Start completed.
2026-10-07T17:29:32.389-03:00  INFO 13289 --- [relatorio-service] [           main] org.hibernate.orm.connections.pooling    : HHH10001005: Database info:
	Database JDBC URL [jdbc:h2:mem:relatorio]
	Database driver: H2 JDBC Driver
	Database dialect: H2Dialect
	Database version: 2.4.240
	Default catalog/schema: RELATORIO/PUBLIC
	Autocommit mode: undefined/unknown
	Isolation level: READ_COMMITTED [default READ_COMMITTED]
	JDBC fetch size: 100
	Pool: DataSourceConnectionProvider
	Minimum pool size: undefined/unknown
	Maximum pool size: undefined/unknown
2026-10-07T17:29:40.586-03:00  INFO 13289 --- [relatorio-service] [           main] org.hibernate.orm.core                   : HHH000489: No JTA platform available (set 'hibernate.transaction.jta.platform' to enable JTA platform integration)
Hibernate: 
    create table tb_relatorio_consolidado (
        id bigint generated by default as identity,
        data_consolidacao date,
        faturamento_total numeric(38,2),
        pedido_id bigint not null,
        total_pedidos bigint,
        version bigint not null,
        primary key (id)
    )
Hibernate: 
    alter table if exists tb_relatorio_consolidado 
       drop constraint if exists uk_relatorio_pedido
Hibernate: 
    alter table if exists tb_relatorio_consolidado 
       add constraint uk_relatorio_pedido unique (pedido_id)
2026-10-07T17:29:41.034-03:00  INFO 13289 --- [relatorio-service] [           main] j.LocalContainerEntityManagerFactoryBean : Initialized JPA EntityManagerFactory for persistence unit 'default'
2026-10-07T17:29:41.746-03:00  INFO 13289 --- [relatorio-service] [           main] o.s.d.j.r.query.QueryEnhancerFactories   : Hibernate is in classpath; If applicable, HQL parser will be used.
2026-10-07T17:29:50.175-03:00  WARN 13289 --- [relatorio-service] [           main] JpaBaseConfiguration$JpaWebConfiguration : spring.jpa.open-in-view is enabled by default. Therefore, database queries may be performed during view rendering. Explicitly configure spring.jpa.open-in-view to disable this warning
2026-10-07T17:30:00.069-03:00  INFO 13289 --- [relatorio-service] [           main] o.s.boot.tomcat.TomcatWebServer          : Tomcat started on port 8084 (http) with context path '/'
2026-10-07T17:30:00.086-03:00  INFO 13289 --- [relatorio-service] [           main] o.s.a.r.c.CachingConnectionFactory       : Attempting to connect to: [jaragua.lmq.cloudamqp.com:5671]
2026-10-07T17:30:01.479-03:00  INFO 13289 --- [relatorio-service] [           main] o.s.a.r.c.CachingConnectionFactory       : Created new connection: rabbitConnectionFactory#19e78fa:0/SimpleConnection@39894485 [delegate=amqp://beasdfxx@54.232.184.183:5671/beasdfxx, localPort=48644]
2026-10-07T17:30:02.165-03:00  INFO 13289 --- [relatorio-service] [           main] c.p.r.SpringframeworkApplication         : Started SpringframeworkApplication in 77.355 seconds (process running for 84.773)
Hibernate: 
    select
        rce1_0.id 
    from
        tb_relatorio_consolidado rce1_0 
    where
        rce1_0.pedido_id=? 
    fetch
        first ? rows only
Hibernate: 
    insert 
    into
        tb_relatorio_consolidado
        (data_consolidacao, faturamento_total, pedido_id, total_pedidos, version, id) 
    values
        (?, ?, ?, ?, ?, default)
2026-10-07T17:30:18.912-03:00  INFO 13289 --- [relatorio-service] [nio-8084-exec-2] o.a.c.c.C.[Tomcat].[localhost].[/]       : Initializing Spring DispatcherServlet 'dispatcherServlet'
2026-10-07T17:30:18.913-03:00  INFO 13289 --- [relatorio-service] [nio-8084-exec-2] o.s.web.servlet.DispatcherServlet        : Initializing Servlet 'dispatcherServlet'
2026-10-07T17:30:18.917-03:00  INFO 13289 --- [relatorio-service] [nio-8084-exec-2] o.s.web.servlet.DispatcherServlet        : Completed initialization in 3 ms
Hibernate: 
    select
        sum(rce1_0.total_pedidos) 
    from
        tb_relatorio_consolidado rce1_0 
    where
        rce1_0.data_consolidacao between ? and ?
Hibernate: 
    select
        sum(rce1_0.faturamento_total) 
    from
        tb_relatorio_consolidado rce1_0 
    where
        rce1_0.data_consolidacao between ? and ?
Hibernate: 
    select
        rce1_0.id 
    from
        tb_relatorio_consolidado rce1_0 
    where
        rce1_0.pedido_id=? 
    fetch
        first ? rows only
Hibernate: 
    insert 
    into
        tb_relatorio_consolidado
        (data_consolidacao, faturamento_total, pedido_id, total_pedidos, version, id) 
    values
        (?, ?, ?, ?, ?, default)
Hibernate: 
    select
        rce1_0.id 
    from
        tb_relatorio_consolidado rce1_0 
    where
        rce1_0.pedido_id=? 
    fetch
        first ? rows only
Hibernate: 
    insert 
    into
        tb_relatorio_consolidado
        (data_consolidacao, faturamento_total, pedido_id, total_pedidos, version, id) 
    values
        (?, ?, ?, ?, ?, default)
Hibernate: 
    select
        rce1_0.id 
    from
        tb_relatorio_consolidado rce1_0 
    where
        rce1_0.pedido_id=? 
    fetch
        first ? rows only
Hibernate: 
    insert 
    into
        tb_relatorio_consolidado
        (data_consolidacao, faturamento_total, pedido_id, total_pedidos, version, id) 
    values
        (?, ?, ?, ?, ?, default)
Hibernate: 
    select
        rce1_0.id 
    from
        tb_relatorio_consolidado rce1_0 
    where
        rce1_0.pedido_id=? 
    fetch
        first ? rows only
Hibernate: 
    insert 
    into
        tb_relatorio_consolidado
        (data_consolidacao, faturamento_total, pedido_id, total_pedidos, version, id) 
    values
        (?, ?, ?, ?, ?, default)
